{
  "version": "1.5.0",
  "plugins_used": [
    {
      "name": "ArtifactoryDetector"
    },
    {
      "name": "AWSKeyDetector"
    },
    {
      "name": "AzureStorageKeyDetector"
    },
    {
      "name": "Base64HighEntropyString",
      "limit": 4.5
    },
    {
      "name": "BasicAuthDetector"
    },
    {
      "name": "CloudantDetector"
    },
    {
      "name": "DiscordBotTokenDetector"
    },
    {
      "name": "GitHubTokenDetector"
    },
    {
      "name": "GitLabTokenDetector"
    },
    {
      "name": "HexHighEntropyString",
      "limit": 3.0
    },
    {
      "name": "IbmCloudIamDetector"
    },
    {
      "name": "IbmCosHmacDetector"
    },
    {
      "name": "IPPublicDetector"
    },
    {
      "name": "JwtTokenDetector"
    },
    {
      "name": "KeywordDetector",
      "keyword_exclude": ""
    },
    {
      "name": "MailchimpDetector"
    },
    {
      "name": "NpmDetector"
    },
    {
      "name": "OpenAIDetector"
    },
    {
      "name": "PrivateKeyDetector"
    },
    {
      "name": "PypiTokenDetector"
    },
    {
      "name": "SendGridDetector"
    },
    {
      "name": "SlackDetector"
    },
    {
      "name": "SoftlayerDetector"
    },
    {
      "name": "SquareOAuthDetector"
    },
    {
      "name": "StripeDetector"
    },
    {
      "name": "TelegramBotTokenDetector"
    },
    {
      "name": "TwilioKeyDetector"
    }
  ],
  "filters_used": [
    {
      "path": "detect_secrets.filters.allowlist.is_line_allowlisted"
    },
    {
      "path": "detect_secrets.filters.common.is_baseline_file",
      "filename": ".secrets.baseline"
    },
    {
      "path": "detect_secrets.filters.common.is_ignored_due_to_verification_policies",
      "min_level": 2
    },
    {
      "path": "detect_secrets.filters.heuristic.is_indirect_reference"
    },
    {
      "path": "detect_secrets.filters.heuristic.is_likely_id_string"
    },
    {
      "path": "detect_secrets.filters.heuristic.is_lock_file"
    },
    {
      "path": "detect_secrets.filters.heuristic.is_not_alphanumeric_string"
    },
    {
      "path": "detect_secrets.filters.heuristic.is_potential_uuid"
    },
    {
      "path": "detect_secrets.filters.heuristic.is_prefixed_with_dollar_sign"
    },
    {
      "path": "detect_secrets.filters.heuristic.is_sequential_string"
    },
    {
      "path": "detect_secrets.filters.heuristic.is_swagger_file"
    },
    {
      "path": "detect_secrets.filters.heuristic.is_templated_secret"
    },
    {
      "path": "detect_secrets.filters.regex.should_exclude_line",
      "pattern": [
        "\"revision\"\\s*:\\s*\"[0-9a-f]{40}\""
      ]
    }
  ],
  "results": {
    "development/subprojects/cpp-httplib.wrap": [
      {
        "type": "Hex High Entropy String",
        "filename": "development/subprojects/cpp-httplib.wrap",
        "hashed_secret": "772a396a7109d930170c1fce96775c853b2f8b1b",
        "is_verified": false,
        "line_number": 5
      }
    ],
    "development/subprojects/fmt.wrap": [
      {
        "type": "Hex High Entropy String",
        "filename": "development/subprojects/fmt.wrap",
        "hashed_secret": "3fa928cce11f432d6e22cac38c57ac2fcd31ab2e",
        "is_verified": false,
        "line_number": 5
      },
      {
        "type": "Hex High Entropy String",
        "filename": "development/subprojects/fmt.wrap",
        "hashed_secret": "8d09241f9312b6e75daaae1e5385ee9cd74a538d",
        "is_verified": false,
        "line_number": 9
      }
    ],
    "development/subprojects/gtest.wrap": [
      {
        "type": "Hex High Entropy String",
        "filename": "development/subprojects/gtest.wrap",
        "hashed_secret": "4f9fba7ca3b745b1d2907a6fe8b6f66be19ec5ab",
        "is_verified": false,
        "line_number": 5
      },
      {
        "type": "Hex High Entropy String",
        "filename": "development/subprojects/gtest.wrap",
        "hashed_secret": "2ea63621a56609c87a091459f77cd5dab743d22c",
        "is_verified": false,
        "line_number": 8
      }
    ],
    "development/subprojects/jsoncons.wrap": [
      {
        "type": "Hex High Entropy String",
        "filename": "development/subprojects/jsoncons.wrap",
        "hashed_secret": "b669f48acd8d71722c659c429f2080fb14120a0e",
        "is_verified": false,
        "line_number": 5
      }
    ],
    "development/subprojects/magic_enum.wrap": [
      {
        "type": "Hex High Entropy String",
        "filename": "development/subprojects/magic_enum.wrap",
        "hashed_secret": "c15ef6334a1f0febbbf78deeebd26e1c727a44a4",
        "is_verified": false,
        "line_number": 5
      }
    ],
    "development/subprojects/nlohmann_json.wrap": [
      {
        "type": "Hex High Entropy String",
        "filename": "development/subprojects/nlohmann_json.wrap",
        "hashed_secret": "8b1864d8ce8096e32a6741865c8043bb6d934b9f",
        "is_verified": false,
        "line_number": 6
      }
    ],
    "development/subprojects/tl-expected.wrap": [
      {
        "type": "Hex High Entropy String",
        "filename": "development/subprojects/tl-expected.wrap",
        "hashed_secret": "62a0968492d7fd77361e60bc763b7850226adc86",
        "is_verified": false,
        "line_number": 5
      },
      {
        "type": "Hex High Entropy String",
        "filename": "development/subprojects/tl-expected.wrap",
        "hashed_secret": "9bfdc9f242c7fa2515f971b3c46b3562f230413e",
        "is_verified": false,
        "line_number": 9
      }
    ],
    "development/subprojects/websocketpp.wrap": [
      {
        "type": "Hex High Entropy String",
        "filename": "development/subprojects/websocketpp.wrap",
        "hashed_secret": "3f4c3122e82aa3a7ef02f5c5d51ac205e82aa062",
        "is_verified": false,
        "line_number": 5
      },
      {
        "type": "Hex High Entropy String",
        "filename": "development/subprojects/websocketpp.wrap",
        "hashed_secret": "bf6b67a9ea10e3207cceb6364cefe1cd5d442f14",
        "is_verified": false,
        "line_number": 8
      }
    ],
    "development/web/content/pek-web.js": [
      {
        "type": "Hex High Entropy String",
        "filename": "development/web/content/pek-web.js",
        "hashed_secret": "e773f787082aa23f5d3b960f12e29416512af537",
        "is_verified": false,
        "line_number": 5559
      }
    ],
    "examples/opchain-exec/subprojects/fmt.wrap": [
      {
        "type": "Hex High Entropy String",
        "filename": "examples/opchain-exec/subprojects/fmt.wrap",
        "hashed_secret": "3fa928cce11f432d6e22cac38c57ac2fcd31ab2e",
        "is_verified": false,
        "line_number": 5
      },
      {
        "type": "Hex High Entropy String",
        "filename": "examples/opchain-exec/subprojects/fmt.wrap",
        "hashed_secret": "8d09241f9312b6e75daaae1e5385ee9cd74a538d",
        "is_verified": false,
        "line_number": 9
      }
    ],
    "examples/pipeline-exec/subprojects/fmt.wrap": [
      {
        "type": "Hex High Entropy String",
        "filename": "examples/pipeline-exec/subprojects/fmt.wrap",
        "hashed_secret": "3fa928cce11f432d6e22cac38c57ac2fcd31ab2e",
        "is_verified": false,
        "line_number": 5
      },
      {
        "type": "Hex High Entropy String",
        "filename": "examples/pipeline-exec/subprojects/fmt.wrap",
        "hashed_secret": "8d09241f9312b6e75daaae1e5385ee9cd74a538d",
        "is_verified": false,
        "line_number": 9
      }
    ],
    "examples/yolo-benchmark/pek/subprojects/fmt.wrap": [
      {
        "type": "Hex High Entropy String",
        "filename": "examples/yolo-benchmark/pek/subprojects/fmt.wrap",
        "hashed_secret": "3fa928cce11f432d6e22cac38c57ac2fcd31ab2e",
        "is_verified": false,
        "line_number": 5
      },
      {
        "type": "Hex High Entropy String",
        "filename": "examples/yolo-benchmark/pek/subprojects/fmt.wrap",
        "hashed_secret": "8d09241f9312b6e75daaae1e5385ee9cd74a538d",
        "is_verified": false,
        "line_number": 9
      }
    ],
    "generated/perception/cpp/perception.h": [
      {
        "type": "Hex High Entropy String",
        "filename": "generated/perception/cpp/perception.h",
        "hashed_secret": "e773f787082aa23f5d3b960f12e29416512af537",
        "is_verified": false,
        "line_number": 42
      }
    ],
    "generated/perception/perception-sdk-manifest.json": [
      {
        "type": "Hex High Entropy String",
        "filename": "generated/perception/perception-sdk-manifest.json",
        "hashed_secret": "5fe7d4811b2456f5aebb8eede1e6befbacafe6dd",
        "is_verified": false,
        "line_number": 8
      },
      {
        "type": "Hex High Entropy String",
        "filename": "generated/perception/perception-sdk-manifest.json",
        "hashed_secret": "56c0d46147fc36568b3b02a16b0188567bbd5f6f",
        "is_verified": false,
        "line_number": 13
      },
      {
        "type": "Hex High Entropy String",
        "filename": "generated/perception/perception-sdk-manifest.json",
        "hashed_secret": "ad160ed9306ee5b8ee0189350a2bc863cb39bd8f",
        "is_verified": false,
        "line_number": 18
      },
      {
        "type": "Hex High Entropy String",
        "filename": "generated/perception/perception-sdk-manifest.json",
        "hashed_secret": "18c81610b341e688e2f2d843747fe52ccdfa5d44",
        "is_verified": false,
        "line_number": 23
      },
      {
        "type": "Hex High Entropy String",
        "filename": "generated/perception/perception-sdk-manifest.json",
        "hashed_secret": "782a8fd4530e512a2e47ccdfb719a6330e3bb576",
        "is_verified": false,
        "line_number": 28
      },
      {
        "type": "Hex High Entropy String",
        "filename": "generated/perception/perception-sdk-manifest.json",
        "hashed_secret": "02cb106597b24d660cee9668b51fa2a9c43dad71",
        "is_verified": false,
        "line_number": 33
      },
      {
        "type": "Hex High Entropy String",
        "filename": "generated/perception/perception-sdk-manifest.json",
        "hashed_secret": "c978482b3337d5293045b40e31aaea56c09b9188",
        "is_verified": false,
        "line_number": 38
      },
      {
        "type": "Hex High Entropy String",
        "filename": "generated/perception/perception-sdk-manifest.json",
        "hashed_secret": "a1f9b0b214b398afd1179deed019e8db4746c962",
        "is_verified": false,
        "line_number": 43
      },
      {
        "type": "Hex High Entropy String",
        "filename": "generated/perception/perception-sdk-manifest.json",
        "hashed_secret": "fd2840a4f4e22ec0954f92344d49054d36dd1bad",
        "is_verified": false,
        "line_number": 48
      },
      {
        "type": "Hex High Entropy String",
        "filename": "generated/perception/perception-sdk-manifest.json",
        "hashed_secret": "c666d426718a76d1dc48bb758194b01080de00b4",
        "is_verified": false,
        "line_number": 53
      },
      {
        "type": "Hex High Entropy String",
        "filename": "generated/perception/perception-sdk-manifest.json",
        "hashed_secret": "75384ea2d99c190d0be27c9611eebc641f741228",
        "is_verified": false,
        "line_number": 58
      },
      {
        "type": "Hex High Entropy String",
        "filename": "generated/perception/perception-sdk-manifest.json",
        "hashed_secret": "bbd586a546f2f4e174cfa2ad9887523b509762cc",
        "is_verified": false,
        "line_number": 63
      },
      {
        "type": "Hex High Entropy String",
        "filename": "generated/perception/perception-sdk-manifest.json",
        "hashed_secret": "ec21974e0644277c94abe81bcaaaeee162a5f0df",
        "is_verified": false,
        "line_number": 68
      },
      {
        "type": "Hex High Entropy String",
        "filename": "generated/perception/perception-sdk-manifest.json",
        "hashed_secret": "be0e447b698b67e4d76dbc938738cc20a1008234",
        "is_verified": false,
        "line_number": 73
      },
      {
        "type": "Hex High Entropy String",
        "filename": "generated/perception/perception-sdk-manifest.json",
        "hashed_secret": "af20fd988bf3b38df8ad748f5d1a4ed49ebf04c3",
        "is_verified": false,
        "line_number": 78
      },
      {
        "type": "Hex High Entropy String",
        "filename": "generated/perception/perception-sdk-manifest.json",
        "hashed_secret": "1ef2f5aa2fafb68865c958507db8383ff67823ab",
        "is_verified": false,
        "line_number": 83
      },
      {
        "type": "Hex High Entropy String",
        "filename": "generated/perception/perception-sdk-manifest.json",
        "hashed_secret": "b00a8558e915233ee0567eed2e5f3e44088dbba3",
        "is_verified": false,
        "line_number": 88
      },
      {
        "type": "Hex High Entropy String",
        "filename": "generated/perception/perception-sdk-manifest.json",
        "hashed_secret": "6909efd7e72a3b76d4abd12d78f2f034beeed4f4",
        "is_verified": false,
        "line_number": 93
      },
      {
        "type": "Hex High Entropy String",
        "filename": "generated/perception/perception-sdk-manifest.json",
        "hashed_secret": "3b945e172841c5a24892c70116f0f203d6d551d3",
        "is_verified": false,
        "line_number": 98
      },
      {
        "type": "Hex High Entropy String",
        "filename": "generated/perception/perception-sdk-manifest.json",
        "hashed_secret": "296badb453888604f6923212eacbf327b67a1f35",
        "is_verified": false,
        "line_number": 103
      },
      {
        "type": "Hex High Entropy String",
        "filename": "generated/perception/perception-sdk-manifest.json",
        "hashed_secret": "52e3b7f8dafa26c2aa1df8364388dcb064130555",
        "is_verified": false,
        "line_number": 108
      },
      {
        "type": "Hex High Entropy String",
        "filename": "generated/perception/perception-sdk-manifest.json",
        "hashed_secret": "160cd3c9f725f34aecf82aef1a1ac339c71e116b",
        "is_verified": false,
        "line_number": 118
      },
      {
        "type": "Hex High Entropy String",
        "filename": "generated/perception/perception-sdk-manifest.json",
        "hashed_secret": "7bce7f8a6ab584f987592deec381c872a15d6b6c",
        "is_verified": false,
        "line_number": 123
      },
      {
        "type": "Hex High Entropy String",
        "filename": "generated/perception/perception-sdk-manifest.json",
        "hashed_secret": "0a505fbb84a43de250cf4c47cb48f89def59f708",
        "is_verified": false,
        "line_number": 128
      },
      {
        "type": "Hex High Entropy String",
        "filename": "generated/perception/perception-sdk-manifest.json",
        "hashed_secret": "a23108411228f5cdc02889ebe52c19f157184259",
        "is_verified": false,
        "line_number": 133
      },
      {
        "type": "Hex High Entropy String",
        "filename": "generated/perception/perception-sdk-manifest.json",
        "hashed_secret": "08d865fbdcb70f8f7128dc0534664ee6a01b968d",
        "is_verified": false,
        "line_number": 138
      },
      {
        "type": "Hex High Entropy String",
        "filename": "generated/perception/perception-sdk-manifest.json",
        "hashed_secret": "ce7503db91ba3e91c0a25208f89857f0044ce2c4",
        "is_verified": false,
        "line_number": 143
      },
      {
        "type": "Hex High Entropy String",
        "filename": "generated/perception/perception-sdk-manifest.json",
        "hashed_secret": "faa2585190f1985ee8088951fffb81a05852b748",
        "is_verified": false,
        "line_number": 148
      },
      {
        "type": "Hex High Entropy String",
        "filename": "generated/perception/perception-sdk-manifest.json",
        "hashed_secret": "1a7d88fe5555be927e36bdc7984ef5a066cdcfef",
        "is_verified": false,
        "line_number": 153
      },
      {
        "type": "Hex High Entropy String",
        "filename": "generated/perception/perception-sdk-manifest.json",
        "hashed_secret": "f77d4deed8646ca1cd8d2de07e772d5164676ba5",
        "is_verified": false,
        "line_number": 158
      },
      {
        "type": "Hex High Entropy String",
        "filename": "generated/perception/perception-sdk-manifest.json",
        "hashed_secret": "52f45e7f09cd13c1d6940af8adae7f21b24512b3",
        "is_verified": false,
        "line_number": 163
      },
      {
        "type": "Hex High Entropy String",
        "filename": "generated/perception/perception-sdk-manifest.json",
        "hashed_secret": "6dd9304fd758977aafa775909f7673c13d8a2f37",
        "is_verified": false,
        "line_number": 168
      },
      {
        "type": "Hex High Entropy String",
        "filename": "generated/perception/perception-sdk-manifest.json",
        "hashed_secret": "a34af2df0aef8b81c3e7c56a0bfcf5a7228a7d0c",
        "is_verified": false,
        "line_number": 173
      },
      {
        "type": "Hex High Entropy String",
        "filename": "generated/perception/perception-sdk-manifest.json",
        "hashed_secret": "95d33afc4d53c38ce699cda74a0d80437fac0cf9",
        "is_verified": false,
        "line_number": 178
      },
      {
        "type": "Hex High Entropy String",
        "filename": "generated/perception/perception-sdk-manifest.json",
        "hashed_secret": "48e8e4e623f5647a991f064a18280105e68025d4",
        "is_verified": false,
        "line_number": 183
      },
      {
        "type": "Hex High Entropy String",
        "filename": "generated/perception/perception-sdk-manifest.json",
        "hashed_secret": "1634cd2de6ac542f11b06fef563ad0da66866031",
        "is_verified": false,
        "line_number": 188
      },
      {
        "type": "Hex High Entropy String",
        "filename": "generated/perception/perception-sdk-manifest.json",
        "hashed_secret": "7e2b163d785c7d7debc4f32e28a38b60290bb635",
        "is_verified": false,
        "line_number": 193
      },
      {
        "type": "Hex High Entropy String",
        "filename": "generated/perception/perception-sdk-manifest.json",
        "hashed_secret": "73a1d49d246353e9607442548613fca230e58f0f",
        "is_verified": false,
        "line_number": 198
      },
      {
        "type": "Hex High Entropy String",
        "filename": "generated/perception/perception-sdk-manifest.json",
        "hashed_secret": "ff85eeb83d182e9c2aca6ec415ff9e528c62303c",
        "is_verified": false,
        "line_number": 203
      },
      {
        "type": "Hex High Entropy String",
        "filename": "generated/perception/perception-sdk-manifest.json",
        "hashed_secret": "f6a7abecec98f30905a174619a085866d7e0dbb2",
        "is_verified": false,
        "line_number": 208
      },
      {
        "type": "Hex High Entropy String",
        "filename": "generated/perception/perception-sdk-manifest.json",
        "hashed_secret": "dd931a6688530eadf6583136f6e14b216f6d9b83",
        "is_verified": false,
        "line_number": 213
      },
      {
        "type": "Hex High Entropy String",
        "filename": "generated/perception/perception-sdk-manifest.json",
        "hashed_secret": "15a9ed39f954acd79bd4fb2433e94e1b5e581772",
        "is_verified": false,
        "line_number": 218
      },
      {
        "type": "Hex High Entropy String",
        "filename": "generated/perception/perception-sdk-manifest.json",
        "hashed_secret": "b57c15c39084d1b6d488696b04d5d38d29cd7d97",
        "is_verified": false,
        "line_number": 223
      },
      {
        "type": "Hex High Entropy String",
        "filename": "generated/perception/perception-sdk-manifest.json",
        "hashed_secret": "962e9ee6a0e2fb9a0f90b68bf04d8cc5ed26284f",
        "is_verified": false,
        "line_number": 228
      },
      {
        "type": "Hex High Entropy String",
        "filename": "generated/perception/perception-sdk-manifest.json",
        "hashed_secret": "cc96ca014f027b3b43c18369d70a70c4468e389a",
        "is_verified": false,
        "line_number": 233
      },
      {
        "type": "Hex High Entropy String",
        "filename": "generated/perception/perception-sdk-manifest.json",
        "hashed_secret": "8eb50d11a75372d8ead3244595006e05649cfa4b",
        "is_verified": false,
        "line_number": 238
      },
      {
        "type": "Hex High Entropy String",
        "filename": "generated/perception/perception-sdk-manifest.json",
        "hashed_secret": "afefcff4dbd53ec9180c9fa45c5e558487fb6beb",
        "is_verified": false,
        "line_number": 248
      },
      {
        "type": "Hex High Entropy String",
        "filename": "generated/perception/perception-sdk-manifest.json",
        "hashed_secret": "654252dc339ff1089d2b184e3a622a7c6fe0d33a",
        "is_verified": false,
        "line_number": 253
      },
      {
        "type": "Hex High Entropy String",
        "filename": "generated/perception/perception-sdk-manifest.json",
        "hashed_secret": "7469b1a30608201aa331baa200a147f949d0d917",
        "is_verified": false,
        "line_number": 258
      },
      {
        "type": "Hex High Entropy String",
        "filename": "generated/perception/perception-sdk-manifest.json",
        "hashed_secret": "01cfe45bb62e2db325a16c030320d8972ab826f1",
        "is_verified": false,
        "line_number": 263
      },
      {
        "type": "Hex High Entropy String",
        "filename": "generated/perception/perception-sdk-manifest.json",
        "hashed_secret": "2c8e70f2aa10f4ac32498e73a129bc134aeeae4c",
        "is_verified": false,
        "line_number": 273
      },
      {
        "type": "Hex High Entropy String",
        "filename": "generated/perception/perception-sdk-manifest.json",
        "hashed_secret": "244f421f896bdcdd2784dccf4eaf7c8dfd5189b5",
        "is_verified": false,
        "line_number": 278
      },
      {
        "type": "Hex High Entropy String",
        "filename": "generated/perception/perception-sdk-manifest.json",
        "hashed_secret": "6f21067a791fa6d3c0e29848fd7ee3dadc52ef7a",
        "is_verified": false,
        "line_number": 283
      },
      {
        "type": "Hex High Entropy String",
        "filename": "generated/perception/perception-sdk-manifest.json",
        "hashed_secret": "a2730e57da2a4affba2306c2e8c97c620c00ddc4",
        "is_verified": false,
        "line_number": 288
      },
      {
        "type": "Hex High Entropy String",
        "filename": "generated/perception/perception-sdk-manifest.json",
        "hashed_secret": "19aff1becc05982125492af2241c7a8364310900",
        "is_verified": false,
        "line_number": 293
      },
      {
        "type": "Hex High Entropy String",
        "filename": "generated/perception/perception-sdk-manifest.json",
        "hashed_secret": "0c05d3c58e1b666f24f6e745d3c168c1a24a1cdd",
        "is_verified": false,
        "line_number": 298
      },
      {
        "type": "Hex High Entropy String",
        "filename": "generated/perception/perception-sdk-manifest.json",
        "hashed_secret": "cb2f3ca2469bbd3751190b558d1a20606601881b",
        "is_verified": false,
        "line_number": 303
      },
      {
        "type": "Hex High Entropy String",
        "filename": "generated/perception/perception-sdk-manifest.json",
        "hashed_secret": "d20a95114b46631790654f95fccc70926ee12ea5",
        "is_verified": false,
        "line_number": 308
      },
      {
        "type": "Hex High Entropy String",
        "filename": "generated/perception/perception-sdk-manifest.json",
        "hashed_secret": "fbf1cb5013f789b10863c21d0d3559fa1864588d",
        "is_verified": false,
        "line_number": 313
      },
      {
        "type": "Hex High Entropy String",
        "filename": "generated/perception/perception-sdk-manifest.json",
        "hashed_secret": "fbf3aa00e9e469eacdfef983f2956de15014a3fb",
        "is_verified": false,
        "line_number": 318
      },
      {
        "type": "Hex High Entropy String",
        "filename": "generated/perception/perception-sdk-manifest.json",
        "hashed_secret": "896b4789f09c81427b6fbfe65ade3813f8327072",
        "is_verified": false,
        "line_number": 323
      },
      {
        "type": "Hex High Entropy String",
        "filename": "generated/perception/perception-sdk-manifest.json",
        "hashed_secret": "198abae728ac9aa357f86521764968cc34b38e0d",
        "is_verified": false,
        "line_number": 328
      },
      {
        "type": "Hex High Entropy String",
        "filename": "generated/perception/perception-sdk-manifest.json",
        "hashed_secret": "793f533153f49e1a7512b2ccbb2b7d31d43bcbd7",
        "is_verified": false,
        "line_number": 333
      },
      {
        "type": "Hex High Entropy String",
        "filename": "generated/perception/perception-sdk-manifest.json",
        "hashed_secret": "986427c5119a45cb7e7d01754b8ba9e4f6d88268",
        "is_verified": false,
        "line_number": 338
      },
      {
        "type": "Hex High Entropy String",
        "filename": "generated/perception/perception-sdk-manifest.json",
        "hashed_secret": "12f8625987a64c4b0878c6a0cab1e41210ffa757",
        "is_verified": false,
        "line_number": 343
      },
      {
        "type": "Hex High Entropy String",
        "filename": "generated/perception/perception-sdk-manifest.json",
        "hashed_secret": "3ac5fd9eca8cdf839c40690177c59ea9c34a85c9",
        "is_verified": false,
        "line_number": 348
      },
      {
        "type": "Hex High Entropy String",
        "filename": "generated/perception/perception-sdk-manifest.json",
        "hashed_secret": "932f25f75ac1aba6622ae87377b583c7e7d32e32",
        "is_verified": false,
        "line_number": 353
      },
      {
        "type": "Hex High Entropy String",
        "filename": "generated/perception/perception-sdk-manifest.json",
        "hashed_secret": "450a5c88996be18d89a46d219842ef84903be067",
        "is_verified": false,
        "line_number": 358
      },
      {
        "type": "Hex High Entropy String",
        "filename": "generated/perception/perception-sdk-manifest.json",
        "hashed_secret": "789e992fb7443dc7ee9744ac60bdea91426e6160",
        "is_verified": false,
        "line_number": 363
      },
      {
        "type": "Hex High Entropy String",
        "filename": "generated/perception/perception-sdk-manifest.json",
        "hashed_secret": "b6d3f83c45edb381cb2efbfcf80a6282a9db60c8",
        "is_verified": false,
        "line_number": 368
      },
      {
        "type": "Hex High Entropy String",
        "filename": "generated/perception/perception-sdk-manifest.json",
        "hashed_secret": "f39b042f0c9c703b12554b8c237f30e6356dcaae",
        "is_verified": false,
        "line_number": 373
      },
      {
        "type": "Hex High Entropy String",
        "filename": "generated/perception/perception-sdk-manifest.json",
        "hashed_secret": "6cce1e73f3105a0d68bc572a50c2ac3fd0df102c",
        "is_verified": false,
        "line_number": 378
      },
      {
        "type": "Hex High Entropy String",
        "filename": "generated/perception/perception-sdk-manifest.json",
        "hashed_secret": "787296c3d305d0e801e246e6c49dc73fe9d2d03d",
        "is_verified": false,
        "line_number": 383
      },
      {
        "type": "Hex High Entropy String",
        "filename": "generated/perception/perception-sdk-manifest.json",
        "hashed_secret": "7f4f647da67ed7bab61b95cab66a5467201bbd9f",
        "is_verified": false,
        "line_number": 388
      },
      {
        "type": "Hex High Entropy String",
        "filename": "generated/perception/perception-sdk-manifest.json",
        "hashed_secret": "c11e50b996ef08711eb3e408fd2a3b6d615d05df",
        "is_verified": false,
        "line_number": 393
      },
      {
        "type": "Hex High Entropy String",
        "filename": "generated/perception/perception-sdk-manifest.json",
        "hashed_secret": "c08b6545442780c8e65ac15d27a9046cac9f41ac",
        "is_verified": false,
        "line_number": 398
      },
      {
        "type": "Hex High Entropy String",
        "filename": "generated/perception/perception-sdk-manifest.json",
        "hashed_secret": "9d8b108c6088bb6f3e6df2beacb8eef913cc2c32",
        "is_verified": false,
        "line_number": 403
      },
      {
        "type": "Hex High Entropy String",
        "filename": "generated/perception/perception-sdk-manifest.json",
        "hashed_secret": "3ff4bebd84a6674b2962e8ddcfa9bf1ac3b28b1a",
        "is_verified": false,
        "line_number": 408
      },
      {
        "type": "Hex High Entropy String",
        "filename": "generated/perception/perception-sdk-manifest.json",
        "hashed_secret": "2a865451d77bb45b45ba6ede4ae8b084b1c44d25",
        "is_verified": false,
        "line_number": 413
      },
      {
        "type": "Hex High Entropy String",
        "filename": "generated/perception/perception-sdk-manifest.json",
        "hashed_secret": "9406c138e1275eb9ce6b80f1a04e98fecd3801be",
        "is_verified": false,
        "line_number": 418
      },
      {
        "type": "Hex High Entropy String",
        "filename": "generated/perception/perception-sdk-manifest.json",
        "hashed_secret": "9ec674f4fe08fe015517a265a97a6149dfee7821",
        "is_verified": false,
        "line_number": 423
      },
      {
        "type": "Hex High Entropy String",
        "filename": "generated/perception/perception-sdk-manifest.json",
        "hashed_secret": "d3280e87a0f1a47c121a956010f2b7cd5830e9e6",
        "is_verified": false,
        "line_number": 428
      },
      {
        "type": "Hex High Entropy String",
        "filename": "generated/perception/perception-sdk-manifest.json",
        "hashed_secret": "3c7fee910520426f784315934505d954deb6897a",
        "is_verified": false,
        "line_number": 433
      },
      {
        "type": "Hex High Entropy String",
        "filename": "generated/perception/perception-sdk-manifest.json",
        "hashed_secret": "f0b47a079223da2a606358e2f267d28d258cca3b",
        "is_verified": false,
        "line_number": 438
      },
      {
        "type": "Hex High Entropy String",
        "filename": "generated/perception/perception-sdk-manifest.json",
        "hashed_secret": "a2780d475b79b73a28585888772ee0f178da662e",
        "is_verified": false,
        "line_number": 443
      },
      {
        "type": "Hex High Entropy String",
        "filename": "generated/perception/perception-sdk-manifest.json",
        "hashed_secret": "4681ea9e9e69961e011e2f018fa6d3a1e21afac2",
        "is_verified": false,
        "line_number": 448
      },
      {
        "type": "Hex High Entropy String",
        "filename": "generated/perception/perception-sdk-manifest.json",
        "hashed_secret": "127ea3e4fe4672db7d13d9931c24ca976d6e5412",
        "is_verified": false,
        "line_number": 453
      },
      {
        "type": "Hex High Entropy String",
        "filename": "generated/perception/perception-sdk-manifest.json",
        "hashed_secret": "86837084c4200264139651f8cc75bf11c4124b8f",
        "is_verified": false,
        "line_number": 458
      },
      {
        "type": "Hex High Entropy String",
        "filename": "generated/perception/perception-sdk-manifest.json",
        "hashed_secret": "f06b8a241e14aa44263a3824833491d40e0fee0f",
        "is_verified": false,
        "line_number": 463
      },
      {
        "type": "Hex High Entropy String",
        "filename": "generated/perception/perception-sdk-manifest.json",
        "hashed_secret": "c5cf0b5ff36a1265a8a05ed3433bbcad3130eaba",
        "is_verified": false,
        "line_number": 468
      },
      {
        "type": "Hex High Entropy String",
        "filename": "generated/perception/perception-sdk-manifest.json",
        "hashed_secret": "8942c6aba6dfee77def4bd8056e537c016fbc528",
        "is_verified": false,
        "line_number": 473
      },
      {
        "type": "Hex High Entropy String",
        "filename": "generated/perception/perception-sdk-manifest.json",
        "hashed_secret": "bc985b728ebbfb4ca850c7afbeba3f02008379e7",
        "is_verified": false,
        "line_number": 478
      },
      {
        "type": "Hex High Entropy String",
        "filename": "generated/perception/perception-sdk-manifest.json",
        "hashed_secret": "4ddbd82f4015b2ffb2e29186b87e4febc8052aa0",
        "is_verified": false,
        "line_number": 483
      },
      {
        "type": "Hex High Entropy String",
        "filename": "generated/perception/perception-sdk-manifest.json",
        "hashed_secret": "52bf5f3e0a1d77b2b1a35ee2d9e613d40d8389a8",
        "is_verified": false,
        "line_number": 488
      },
      {
        "type": "Hex High Entropy String",
        "filename": "generated/perception/perception-sdk-manifest.json",
        "hashed_secret": "e87230a0e9fbfc4f7aee2c1e0fe92afea9c925b8",
        "is_verified": false,
        "line_number": 493
      },
      {
        "type": "Hex High Entropy String",
        "filename": "generated/perception/perception-sdk-manifest.json",
        "hashed_secret": "52be1c3d57c5dbb40cb41ecc3bc5d8aab734afc0",
        "is_verified": false,
        "line_number": 498
      },
      {
        "type": "Hex High Entropy String",
        "filename": "generated/perception/perception-sdk-manifest.json",
        "hashed_secret": "231381f6ea261748e689fbabc2d8bc6dff7aa676",
        "is_verified": false,
        "line_number": 503
      },
      {
        "type": "Hex High Entropy String",
        "filename": "generated/perception/perception-sdk-manifest.json",
        "hashed_secret": "38b2f612dacd627470c26f46f36b61b708727aec",
        "is_verified": false,
        "line_number": 508
      },
      {
        "type": "Hex High Entropy String",
        "filename": "generated/perception/perception-sdk-manifest.json",
        "hashed_secret": "3e51dd4ecb72a4da019cf58ed60813be44a86052",
        "is_verified": false,
        "line_number": 513
      },
      {
        "type": "Hex High Entropy String",
        "filename": "generated/perception/perception-sdk-manifest.json",
        "hashed_secret": "93e7a590041501309886c6a2cf3bdb2bfdb3fb35",
        "is_verified": false,
        "line_number": 518
      },
      {
        "type": "Hex High Entropy String",
        "filename": "generated/perception/perception-sdk-manifest.json",
        "hashed_secret": "7d9743d111c4568b2827eec6a735fbe5852ec3ba",
        "is_verified": false,
        "line_number": 523
      },
      {
        "type": "Hex High Entropy String",
        "filename": "generated/perception/perception-sdk-manifest.json",
        "hashed_secret": "1dac7d4fa23a8b75ec33952aff5aa5d60abeefb7",
        "is_verified": false,
        "line_number": 528
      },
      {
        "type": "Hex High Entropy String",
        "filename": "generated/perception/perception-sdk-manifest.json",
        "hashed_secret": "664f24beafe33482ee928c4be2b09b8ec70ae0b0",
        "is_verified": false,
        "line_number": 533
      },
      {
        "type": "Hex High Entropy String",
        "filename": "generated/perception/perception-sdk-manifest.json",
        "hashed_secret": "11961c0bffece3c05a7dcbc9765b0e634fb35e60",
        "is_verified": false,
        "line_number": 538
      },
      {
        "type": "Hex High Entropy String",
        "filename": "generated/perception/perception-sdk-manifest.json",
        "hashed_secret": "16ec46c62742b59966c6e31d784303c0b5c0cc86",
        "is_verified": false,
        "line_number": 543
      },
      {
        "type": "Hex High Entropy String",
        "filename": "generated/perception/perception-sdk-manifest.json",
        "hashed_secret": "0cf4e1bcdf157da5a34abf46b0c673e2f6baf55e",
        "is_verified": false,
        "line_number": 548
      },
      {
        "type": "Hex High Entropy String",
        "filename": "generated/perception/perception-sdk-manifest.json",
        "hashed_secret": "09290a25d5c5ee6c5f76739177c3dcd63b4707b5",
        "is_verified": false,
        "line_number": 553
      },
      {
        "type": "Hex High Entropy String",
        "filename": "generated/perception/perception-sdk-manifest.json",
        "hashed_secret": "4d9a01d00c0745376ba3b5c28544a07525ce4a11",
        "is_verified": false,
        "line_number": 558
      },
      {
        "type": "Hex High Entropy String",
        "filename": "generated/perception/perception-sdk-manifest.json",
        "hashed_secret": "c54ca5e210a4407b7da578c94cdf721a2d424225",
        "is_verified": false,
        "line_number": 563
      },
      {
        "type": "Hex High Entropy String",
        "filename": "generated/perception/perception-sdk-manifest.json",
        "hashed_secret": "ac0a30b15b7f5a6306fb07fa5be6c71041d13c0b",
        "is_verified": false,
        "line_number": 568
      },
      {
        "type": "Hex High Entropy String",
        "filename": "generated/perception/perception-sdk-manifest.json",
        "hashed_secret": "2e7722620dda64861207ba2f70bc0ebb2c214285",
        "is_verified": false,
        "line_number": 573
      },
      {
        "type": "Hex High Entropy String",
        "filename": "generated/perception/perception-sdk-manifest.json",
        "hashed_secret": "3cab8f626eec516dc1d099defdd1080b13d01795",
        "is_verified": false,
        "line_number": 578
      },
      {
        "type": "Hex High Entropy String",
        "filename": "generated/perception/perception-sdk-manifest.json",
        "hashed_secret": "e5813b5af7b041aed8b9ee16e283ef0a97c11534",
        "is_verified": false,
        "line_number": 583
      },
      {
        "type": "Hex High Entropy String",
        "filename": "generated/perception/perception-sdk-manifest.json",
        "hashed_secret": "525ed91a8455b50c58e24a00285cb9f2b274bb2c",
        "is_verified": false,
        "line_number": 588
      },
      {
        "type": "Hex High Entropy String",
        "filename": "generated/perception/perception-sdk-manifest.json",
        "hashed_secret": "df9acccd890dc5ede35d54150b1fd87c5485683d",
        "is_verified": false,
        "line_number": 593
      },
      {
        "type": "Hex High Entropy String",
        "filename": "generated/perception/perception-sdk-manifest.json",
        "hashed_secret": "9a517675a92587c9f114e9ace4f8cb8fdbb68aa7",
        "is_verified": false,
        "line_number": 598
      },
      {
        "type": "Hex High Entropy String",
        "filename": "generated/perception/perception-sdk-manifest.json",
        "hashed_secret": "e166e66247244bb000f59b3940f785887eb6241a",
        "is_verified": false,
        "line_number": 603
      },
      {
        "type": "Hex High Entropy String",
        "filename": "generated/perception/perception-sdk-manifest.json",
        "hashed_secret": "0ad6ae339d779e5ee9453e2ae28b6cef89f128ca",
        "is_verified": false,
        "line_number": 608
      },
      {
        "type": "Hex High Entropy String",
        "filename": "generated/perception/perception-sdk-manifest.json",
        "hashed_secret": "ece0b7ff6dee5ff784039e40725bd376fd88d974",
        "is_verified": false,
        "line_number": 613
      },
      {
        "type": "Hex High Entropy String",
        "filename": "generated/perception/perception-sdk-manifest.json",
        "hashed_secret": "6bc5f7727cd2544ff87ebdc5c6b14d992f87aaee",
        "is_verified": false,
        "line_number": 618
      },
      {
        "type": "Hex High Entropy String",
        "filename": "generated/perception/perception-sdk-manifest.json",
        "hashed_secret": "a817174371f94b790eb4929e8f2f1a975f9d77e0",
        "is_verified": false,
        "line_number": 623
      },
      {
        "type": "Hex High Entropy String",
        "filename": "generated/perception/perception-sdk-manifest.json",
        "hashed_secret": "147472d0f2ee3694a76d312a2c75fd2def72c22b",
        "is_verified": false,
        "line_number": 628
      },
      {
        "type": "Hex High Entropy String",
        "filename": "generated/perception/perception-sdk-manifest.json",
        "hashed_secret": "c46ac9f16847a723be0468f6d756de073584fc51",
        "is_verified": false,
        "line_number": 633
      },
      {
        "type": "Hex High Entropy String",
        "filename": "generated/perception/perception-sdk-manifest.json",
        "hashed_secret": "f9ad7d80deb2682dfcb85e6728c041f9189b5cf2",
        "is_verified": false,
        "line_number": 638
      },
      {
        "type": "Hex High Entropy String",
        "filename": "generated/perception/perception-sdk-manifest.json",
        "hashed_secret": "11b071e94304b4d8b2c417c7c0b2af6d2ba2d913",
        "is_verified": false,
        "line_number": 643
      },
      {
        "type": "Hex High Entropy String",
        "filename": "generated/perception/perception-sdk-manifest.json",
        "hashed_secret": "0a15fd33cde9ff681e2a60580f51dfb81757234d",
        "is_verified": false,
        "line_number": 648
      },
      {
        "type": "Hex High Entropy String",
        "filename": "generated/perception/perception-sdk-manifest.json",
        "hashed_secret": "3e944384bd0c7bc2efe086d39ce9701da8f183ae",
        "is_verified": false,
        "line_number": 653
      },
      {
        "type": "Hex High Entropy String",
        "filename": "generated/perception/perception-sdk-manifest.json",
        "hashed_secret": "57d7ce70a6d5d8fbe328a025e52d7c59e759cc61",
        "is_verified": false,
        "line_number": 658
      },
      {
        "type": "Hex High Entropy String",
        "filename": "generated/perception/perception-sdk-manifest.json",
        "hashed_secret": "63aaf96b3fa0cf8a1c9677ebf1c0a2f0378d9e3d",
        "is_verified": false,
        "line_number": 663
      },
      {
        "type": "Hex High Entropy String",
        "filename": "generated/perception/perception-sdk-manifest.json",
        "hashed_secret": "73472089aa9c1494a6e2a97042afeeb456cad47e",
        "is_verified": false,
        "line_number": 668
      },
      {
        "type": "Hex High Entropy String",
        "filename": "generated/perception/perception-sdk-manifest.json",
        "hashed_secret": "1d1ff2e7512b42bf83e9c29b3c734bc4856a569e",
        "is_verified": false,
        "line_number": 673
      },
      {
        "type": "Hex High Entropy String",
        "filename": "generated/perception/perception-sdk-manifest.json",
        "hashed_secret": "836e4c7fb2bd178b36800179ab7de18888938526",
        "is_verified": false,
        "line_number": 678
      },
      {
        "type": "Hex High Entropy String",
        "filename": "generated/perception/perception-sdk-manifest.json",
        "hashed_secret": "7ca412323b99a57b776dcff51c4cd335ebab29d5",
        "is_verified": false,
        "line_number": 683
      },
      {
        "type": "Hex High Entropy String",
        "filename": "generated/perception/perception-sdk-manifest.json",
        "hashed_secret": "e04151bece4520a96759f4ee6eb3203866cb3b55",
        "is_verified": false,
        "line_number": 688
      },
      {
        "type": "Hex High Entropy String",
        "filename": "generated/perception/perception-sdk-manifest.json",
        "hashed_secret": "0c9c178c2e5251c540147b20b8b3c66a70352595",
        "is_verified": false,
        "line_number": 693
      },
      {
        "type": "Hex High Entropy String",
        "filename": "generated/perception/perception-sdk-manifest.json",
        "hashed_secret": "21b12b2d2cb628473bc507a74d43143a003dcc51",
        "is_verified": false,
        "line_number": 698
      },
      {
        "type": "Hex High Entropy String",
        "filename": "generated/perception/perception-sdk-manifest.json",
        "hashed_secret": "70616e42d6fd6f6a3f0c337cedc6b109dfb93106",
        "is_verified": false,
        "line_number": 703
      },
      {
        "type": "Hex High Entropy String",
        "filename": "generated/perception/perception-sdk-manifest.json",
        "hashed_secret": "5277e6b0f3dbb93c67b2be958579af964cf3acb4",
        "is_verified": false,
        "line_number": 708
      },
      {
        "type": "Hex High Entropy String",
        "filename": "generated/perception/perception-sdk-manifest.json",
        "hashed_secret": "bf3fd51b21a4878ee78459afdeec5fe3d82c26d1",
        "is_verified": false,
        "line_number": 713
      },
      {
        "type": "Hex High Entropy String",
        "filename": "generated/perception/perception-sdk-manifest.json",
        "hashed_secret": "3e59bc4acefbe523ab10410bb367a7ec560a89ea",
        "is_verified": false,
        "line_number": 718
      },
      {
        "type": "Hex High Entropy String",
        "filename": "generated/perception/perception-sdk-manifest.json",
        "hashed_secret": "e03a50cd531443fdf0552a48eec9b197b170f82f",
        "is_verified": false,
        "line_number": 723
      },
      {
        "type": "Hex High Entropy String",
        "filename": "generated/perception/perception-sdk-manifest.json",
        "hashed_secret": "003d1142f1e5eb6a06b26838bea5a63517d6a17a",
        "is_verified": false,
        "line_number": 728
      },
      {
        "type": "Hex High Entropy String",
        "filename": "generated/perception/perception-sdk-manifest.json",
        "hashed_secret": "4001ace045bc837e08f37ae1f26bbd20a2bf9086",
        "is_verified": false,
        "line_number": 733
      },
      {
        "type": "Hex High Entropy String",
        "filename": "generated/perception/perception-sdk-manifest.json",
        "hashed_secret": "c4d3f7b24f3d5206f8cd44be6ae32575a4981d23",
        "is_verified": false,
        "line_number": 738
      },
      {
        "type": "Hex High Entropy String",
        "filename": "generated/perception/perception-sdk-manifest.json",
        "hashed_secret": "24b22a7ebd0d9d0b6e4b6b01b5283c70c7400de9",
        "is_verified": false,
        "line_number": 743
      },
      {
        "type": "Hex High Entropy String",
        "filename": "generated/perception/perception-sdk-manifest.json",
        "hashed_secret": "be1f7567b6fa5718cd392f0bd9ca82531161e3fc",
        "is_verified": false,
        "line_number": 748
      },
      {
        "type": "Hex High Entropy String",
        "filename": "generated/perception/perception-sdk-manifest.json",
        "hashed_secret": "d1b91a6f47988888f8e9c42b748619029d75e510",
        "is_verified": false,
        "line_number": 753
      },
      {
        "type": "Hex High Entropy String",
        "filename": "generated/perception/perception-sdk-manifest.json",
        "hashed_secret": "dd26bc692624b3cf1f997d69df28403b77f342a9",
        "is_verified": false,
        "line_number": 758
      },
      {
        "type": "Hex High Entropy String",
        "filename": "generated/perception/perception-sdk-manifest.json",
        "hashed_secret": "627348454e1d403589cf271d66a8c7e1a54281bf",
        "is_verified": false,
        "line_number": 763
      },
      {
        "type": "Hex High Entropy String",
        "filename": "generated/perception/perception-sdk-manifest.json",
        "hashed_secret": "327f4e870362c406bdb0c39b52c6ef3702e35d5d",
        "is_verified": false,
        "line_number": 768
      },
      {
        "type": "Hex High Entropy String",
        "filename": "generated/perception/perception-sdk-manifest.json",
        "hashed_secret": "92766e0ed986983f6b6d5cd4cda2cede744adc94",
        "is_verified": false,
        "line_number": 773
      },
      {
        "type": "Hex High Entropy String",
        "filename": "generated/perception/perception-sdk-manifest.json",
        "hashed_secret": "4c7b7832365e97671b00536ddc9157adedf06a08",
        "is_verified": false,
        "line_number": 778
      },
      {
        "type": "Hex High Entropy String",
        "filename": "generated/perception/perception-sdk-manifest.json",
        "hashed_secret": "2e8577c3fb04b76556ceda57a2faffedc0946d71",
        "is_verified": false,
        "line_number": 784
      },
      {
        "type": "Hex High Entropy String",
        "filename": "generated/perception/perception-sdk-manifest.json",
        "hashed_secret": "fc8ab69235a9b414034b2b823f33d92d3cae1340",
        "is_verified": false,
        "line_number": 793
      },
      {
        "type": "Hex High Entropy String",
        "filename": "generated/perception/perception-sdk-manifest.json",
        "hashed_secret": "9be6ca41f45965d29342fe6e994c6bba3d481e09",
        "is_verified": false,
        "line_number": 798
      },
      {
        "type": "Hex High Entropy String",
        "filename": "generated/perception/perception-sdk-manifest.json",
        "hashed_secret": "0f8b7479418b93c6cc32168b73349131654197f5",
        "is_verified": false,
        "line_number": 803
      },
      {
        "type": "Hex High Entropy String",
        "filename": "generated/perception/perception-sdk-manifest.json",
        "hashed_secret": "31472b532aa2141c1b0df3b564dfb416719e3337",
        "is_verified": false,
        "line_number": 808
      },
      {
        "type": "Hex High Entropy String",
        "filename": "generated/perception/perception-sdk-manifest.json",
        "hashed_secret": "670fbb6d35047c23a6f10306c61960c0e7ffc4fe",
        "is_verified": false,
        "line_number": 813
      },
      {
        "type": "Hex High Entropy String",
        "filename": "generated/perception/perception-sdk-manifest.json",
        "hashed_secret": "b2038466f5f7addca36a180b45067a6147b3d06e",
        "is_verified": false,
        "line_number": 832
      },
      {
        "type": "Hex High Entropy String",
        "filename": "generated/perception/perception-sdk-manifest.json",
        "hashed_secret": "23d40bbdb0a983b299ad75428528d9c5be0390f1",
        "is_verified": false,
        "line_number": 841
      },
      {
        "type": "Hex High Entropy String",
        "filename": "generated/perception/perception-sdk-manifest.json",
        "hashed_secret": "ce10d6806a71dd72bd49914fde067854dde13233",
        "is_verified": false,
        "line_number": 846
      },
      {
        "type": "Hex High Entropy String",
        "filename": "generated/perception/perception-sdk-manifest.json",
        "hashed_secret": "9737aa88840e6f6c6abac48ee4ac5537536b6552",
        "is_verified": false,
        "line_number": 851
      },
      {
        "type": "Hex High Entropy String",
        "filename": "generated/perception/perception-sdk-manifest.json",
        "hashed_secret": "22c04a3391eade3c949d44382de117746b657ce9",
        "is_verified": false,
        "line_number": 856
      },
      {
        "type": "Hex High Entropy String",
        "filename": "generated/perception/perception-sdk-manifest.json",
        "hashed_secret": "ae1c856f91d8503fe094b3add94eeabcae70155f",
        "is_verified": false,
        "line_number": 861
      },
      {
        "type": "Hex High Entropy String",
        "filename": "generated/perception/perception-sdk-manifest.json",
        "hashed_secret": "7bc21227ad83f06973fe24083a4cfefdd85e94a8",
        "is_verified": false,
        "line_number": 866
      },
      {
        "type": "Hex High Entropy String",
        "filename": "generated/perception/perception-sdk-manifest.json",
        "hashed_secret": "a7516a079c14ade4f8e0bd46a1b745f460a8b3a3",
        "is_verified": false,
        "line_number": 871
      },
      {
        "type": "Hex High Entropy String",
        "filename": "generated/perception/perception-sdk-manifest.json",
        "hashed_secret": "e4cdfba65e5d1efabe8f2fe9f39188fb652b9aa2",
        "is_verified": false,
        "line_number": 876
      },
      {
        "type": "Hex High Entropy String",
        "filename": "generated/perception/perception-sdk-manifest.json",
        "hashed_secret": "335e8a5945dc9f3842e7d24abbdbe43b03130726",
        "is_verified": false,
        "line_number": 881
      },
      {
        "type": "Hex High Entropy String",
        "filename": "generated/perception/perception-sdk-manifest.json",
        "hashed_secret": "931bae7c9a68e1e63b304b01fcec71b06b1af036",
        "is_verified": false,
        "line_number": 886
      },
      {
        "type": "Hex High Entropy String",
        "filename": "generated/perception/perception-sdk-manifest.json",
        "hashed_secret": "76466c5a0f65bca3fb581c2f279687704357a8ae",
        "is_verified": false,
        "line_number": 891
      },
      {
        "type": "Hex High Entropy String",
        "filename": "generated/perception/perception-sdk-manifest.json",
        "hashed_secret": "7f4d41e0ffe6970d96abe66ca355f14b2adfca0d",
        "is_verified": false,
        "line_number": 896
      },
      {
        "type": "Hex High Entropy String",
        "filename": "generated/perception/perception-sdk-manifest.json",
        "hashed_secret": "294ecf574f5f9f50fb7f900af6bd40fc6f130492",
        "is_verified": false,
        "line_number": 901
      },
      {
        "type": "Hex High Entropy String",
        "filename": "generated/perception/perception-sdk-manifest.json",
        "hashed_secret": "8e60b6eb973817ffba684e21ffb2202e80fc733c",
        "is_verified": false,
        "line_number": 911
      },
      {
        "type": "Hex High Entropy String",
        "filename": "generated/perception/perception-sdk-manifest.json",
        "hashed_secret": "067b94393b3b38a8a935d67136489ac516a8b9e6",
        "is_verified": false,
        "line_number": 916
      },
      {
        "type": "Hex High Entropy String",
        "filename": "generated/perception/perception-sdk-manifest.json",
        "hashed_secret": "172dbd6a38c644815df0112c6ebdadc98d5effd0",
        "is_verified": false,
        "line_number": 921
      },
      {
        "type": "Hex High Entropy String",
        "filename": "generated/perception/perception-sdk-manifest.json",
        "hashed_secret": "c424a3ef9ed8641ad7ec3a3413e08435623ed7ac",
        "is_verified": false,
        "line_number": 1022
      },
      {
        "type": "Hex High Entropy String",
        "filename": "generated/perception/perception-sdk-manifest.json",
        "hashed_secret": "a33b722357ee64b15eb75ce68411d2c9dc4af243",
        "is_verified": false,
        "line_number": 1027
      },
      {
        "type": "Hex High Entropy String",
        "filename": "generated/perception/perception-sdk-manifest.json",
        "hashed_secret": "5d14dfceaaccf4071fdb8bf4d157e420bffe9493",
        "is_verified": false,
        "line_number": 1032
      },
      {
        "type": "Hex High Entropy String",
        "filename": "generated/perception/perception-sdk-manifest.json",
        "hashed_secret": "177ffd3b32148a6e7d2d078765ecad1d0ef1617c",
        "is_verified": false,
        "line_number": 1037
      },
      {
        "type": "Hex High Entropy String",
        "filename": "generated/perception/perception-sdk-manifest.json",
        "hashed_secret": "dc02442c87d67e85c0ce00791b96c9aa4502b1be",
        "is_verified": false,
        "line_number": 1042
      },
      {
        "type": "Hex High Entropy String",
        "filename": "generated/perception/perception-sdk-manifest.json",
        "hashed_secret": "3e911ab3adb38810d3c742c3047093659abbe64e",
        "is_verified": false,
        "line_number": 1047
      },
      {
        "type": "Hex High Entropy String",
        "filename": "generated/perception/perception-sdk-manifest.json",
        "hashed_secret": "8c2ba6e7a2cfc65de0fe57e05c732f39df43186b",
        "is_verified": false,
        "line_number": 1052
      },
      {
        "type": "Hex High Entropy String",
        "filename": "generated/perception/perception-sdk-manifest.json",
        "hashed_secret": "35f460abf3e059ae5392e30d752e16f104cbad36",
        "is_verified": false,
        "line_number": 1057
      },
      {
        "type": "Hex High Entropy String",
        "filename": "generated/perception/perception-sdk-manifest.json",
        "hashed_secret": "d28aaac00896f0615b82cedc8be6c7d5c13e860c",
        "is_verified": false,
        "line_number": 1062
      },
      {
        "type": "Hex High Entropy String",
        "filename": "generated/perception/perception-sdk-manifest.json",
        "hashed_secret": "034102bef754c9625b7db0bf586e9c7106f0bc66",
        "is_verified": false,
        "line_number": 1067
      },
      {
        "type": "Hex High Entropy String",
        "filename": "generated/perception/perception-sdk-manifest.json",
        "hashed_secret": "e773f787082aa23f5d3b960f12e29416512af537",
        "is_verified": false,
        "line_number": 1071
      },
      {
        "type": "Hex High Entropy String",
        "filename": "generated/perception/perception-sdk-manifest.json",
        "hashed_secret": "ce5b80a8d86b52c16c1aad80edcee0f5607ac734",
        "is_verified": false,
        "line_number": 1081
      },
      {
        "type": "Hex High Entropy String",
        "filename": "generated/perception/perception-sdk-manifest.json",
        "hashed_secret": "4524a80a4a7f930538382eb75efb50983a884853",
        "is_verified": false,
        "line_number": 1086
      },
      {
        "type": "Hex High Entropy String",
        "filename": "generated/perception/perception-sdk-manifest.json",
        "hashed_secret": "753b29f6e797e7afb8893d68e3cc4ddf79722d5a",
        "is_verified": false,
        "line_number": 1101
      },
      {
        "type": "Hex High Entropy String",
        "filename": "generated/perception/perception-sdk-manifest.json",
        "hashed_secret": "3f7d96d7a6f9df80ab4851ba76efab762b9e2c99",
        "is_verified": false,
        "line_number": 1106
      },
      {
        "type": "Hex High Entropy String",
        "filename": "generated/perception/perception-sdk-manifest.json",
        "hashed_secret": "35f12633276ef0a3df0056eb3bc711bc43cc798f",
        "is_verified": false,
        "line_number": 1111
      },
      {
        "type": "Hex High Entropy String",
        "filename": "generated/perception/perception-sdk-manifest.json",
        "hashed_secret": "991813451b610d82ae7b2c421ef6877cc016fd8a",
        "is_verified": false,
        "line_number": 1116
      },
      {
        "type": "Hex High Entropy String",
        "filename": "generated/perception/perception-sdk-manifest.json",
        "hashed_secret": "6830d78c8df8744a984412de55620ec5be28e032",
        "is_verified": false,
        "line_number": 1121
      },
      {
        "type": "Hex High Entropy String",
        "filename": "generated/perception/perception-sdk-manifest.json",
        "hashed_secret": "c3d0fd1a39c080b77512d669e2bbc6102842c8bb",
        "is_verified": false,
        "line_number": 1126
      },
      {
        "type": "Hex High Entropy String",
        "filename": "generated/perception/perception-sdk-manifest.json",
        "hashed_secret": "12a8d297362db5753bf73916214e37549732f29b",
        "is_verified": false,
        "line_number": 1131
      },
      {
        "type": "Hex High Entropy String",
        "filename": "generated/perception/perception-sdk-manifest.json",
        "hashed_secret": "df9c47c89e4e64c56f35889e356ca535056dab7c",
        "is_verified": false,
        "line_number": 1136
      },
      {
        "type": "Hex High Entropy String",
        "filename": "generated/perception/perception-sdk-manifest.json",
        "hashed_secret": "476cc8375f310c281dfa450e1800eec469e6bd5b",
        "is_verified": false,
        "line_number": 1141
      },
      {
        "type": "Hex High Entropy String",
        "filename": "generated/perception/perception-sdk-manifest.json",
        "hashed_secret": "a1e735715c4ae950c053747a95958f2e408fbc56",
        "is_verified": false,
        "line_number": 1146
      },
      {
        "type": "Hex High Entropy String",
        "filename": "generated/perception/perception-sdk-manifest.json",
        "hashed_secret": "f59316fe9484b77eb3b7f288cc1596bea204d9c8",
        "is_verified": false,
        "line_number": 1151
      },
      {
        "type": "Hex High Entropy String",
        "filename": "generated/perception/perception-sdk-manifest.json",
        "hashed_secret": "db2cff1e9db346427ce463d23472934aa6b54c7b",
        "is_verified": false,
        "line_number": 1156
      },
      {
        "type": "Hex High Entropy String",
        "filename": "generated/perception/perception-sdk-manifest.json",
        "hashed_secret": "3d546063a76deb55f97911b1a4952aabef6a3917",
        "is_verified": false,
        "line_number": 1161
      },
      {
        "type": "Hex High Entropy String",
        "filename": "generated/perception/perception-sdk-manifest.json",
        "hashed_secret": "3d1bea9078e522fb170d26b9066cac6436cf8f60",
        "is_verified": false,
        "line_number": 1166
      },
      {
        "type": "Hex High Entropy String",
        "filename": "generated/perception/perception-sdk-manifest.json",
        "hashed_secret": "e840cee2f0923c1eea0c89af347d9c339fe5e4f2",
        "is_verified": false,
        "line_number": 1171
      },
      {
        "type": "Hex High Entropy String",
        "filename": "generated/perception/perception-sdk-manifest.json",
        "hashed_secret": "dcc9c8d7d8e9877d0330b07336d7c77e3582cbc4",
        "is_verified": false,
        "line_number": 1176
      },
      {
        "type": "Hex High Entropy String",
        "filename": "generated/perception/perception-sdk-manifest.json",
        "hashed_secret": "b827427eeebd2a6be4ab5d3b574bdbf37a702d2f",
        "is_verified": false,
        "line_number": 1181
      },
      {
        "type": "Hex High Entropy String",
        "filename": "generated/perception/perception-sdk-manifest.json",
        "hashed_secret": "7cdfc907f0fe69c543ffb0872b1c2f03a7eace90",
        "is_verified": false,
        "line_number": 1186
      },
      {
        "type": "Hex High Entropy String",
        "filename": "generated/perception/perception-sdk-manifest.json",
        "hashed_secret": "007d663b6196f114f7361b4ce2409dbec64a7723",
        "is_verified": false,
        "line_number": 1191
      },
      {
        "type": "Hex High Entropy String",
        "filename": "generated/perception/perception-sdk-manifest.json",
        "hashed_secret": "0e9d2a361a13ebe78b079031c810bad82a853896",
        "is_verified": false,
        "line_number": 1196
      },
      {
        "type": "Hex High Entropy String",
        "filename": "generated/perception/perception-sdk-manifest.json",
        "hashed_secret": "0414b8c6bc7f20533ab310ac56cc8df76f628929",
        "is_verified": false,
        "line_number": 1201
      },
      {
        "type": "Hex High Entropy String",
        "filename": "generated/perception/perception-sdk-manifest.json",
        "hashed_secret": "23ef2c250329e565ec5d638dfd7da0bffbb79d73",
        "is_verified": false,
        "line_number": 1206
      },
      {
        "type": "Hex High Entropy String",
        "filename": "generated/perception/perception-sdk-manifest.json",
        "hashed_secret": "bae5b8974ae04333faebc7f9ca803bcbb722b046",
        "is_verified": false,
        "line_number": 1211
      },
      {
        "type": "Hex High Entropy String",
        "filename": "generated/perception/perception-sdk-manifest.json",
        "hashed_secret": "bebb3eebdc48b0acd6ca7949ebf1eef4e15c5cdf",
        "is_verified": false,
        "line_number": 1216
      },
      {
        "type": "Hex High Entropy String",
        "filename": "generated/perception/perception-sdk-manifest.json",
        "hashed_secret": "7820b955956a85f00bcbc4ae5599d9a986009f17",
        "is_verified": false,
        "line_number": 1221
      },
      {
        "type": "Hex High Entropy String",
        "filename": "generated/perception/perception-sdk-manifest.json",
        "hashed_secret": "b822b10da81ef6a64c94d14a8344840f9f0faace",
        "is_verified": false,
        "line_number": 1231
      },
      {
        "type": "Hex High Entropy String",
        "filename": "generated/perception/perception-sdk-manifest.json",
        "hashed_secret": "afe8b38cb0785b9cf0672f70a06520d88bcd6241",
        "is_verified": false,
        "line_number": 1236
      },
      {
        "type": "Hex High Entropy String",
        "filename": "generated/perception/perception-sdk-manifest.json",
        "hashed_secret": "6310c6bd668aebe17841374c2d6b3e89487b478e",
        "is_verified": false,
        "line_number": 1241
      },
      {
        "type": "Hex High Entropy String",
        "filename": "generated/perception/perception-sdk-manifest.json",
        "hashed_secret": "053fa883b34c967c443a546132b3f8fd1f92fe29",
        "is_verified": false,
        "line_number": 1246
      },
      {
        "type": "Hex High Entropy String",
        "filename": "generated/perception/perception-sdk-manifest.json",
        "hashed_secret": "d67ea894912784ecacf2d900fd1748c3e2da11d2",
        "is_verified": false,
        "line_number": 1256
      },
      {
        "type": "Hex High Entropy String",
        "filename": "generated/perception/perception-sdk-manifest.json",
        "hashed_secret": "34c3ef09768144e2c9650866e95228c2886c67b5",
        "is_verified": false,
        "line_number": 1266
      },
      {
        "type": "Hex High Entropy String",
        "filename": "generated/perception/perception-sdk-manifest.json",
        "hashed_secret": "d290c6a5ff2ea349c88c44aae18dab04e65ea312",
        "is_verified": false,
        "line_number": 1271
      },
      {
        "type": "Hex High Entropy String",
        "filename": "generated/perception/perception-sdk-manifest.json",
        "hashed_secret": "8d410458e2f8cb87b2f241962527fe5e12651168",
        "is_verified": false,
        "line_number": 1429
      },
      {
        "type": "Hex High Entropy String",
        "filename": "generated/perception/perception-sdk-manifest.json",
        "hashed_secret": "50587e16e615680c0f16d2704e961cacee5152f0",
        "is_verified": false,
        "line_number": 1434
      },
      {
        "type": "Hex High Entropy String",
        "filename": "generated/perception/perception-sdk-manifest.json",
        "hashed_secret": "700a43db51d5962aaaec23740e6870a5f7b550c4",
        "is_verified": false,
        "line_number": 1439
      },
      {
        "type": "Hex High Entropy String",
        "filename": "generated/perception/perception-sdk-manifest.json",
        "hashed_secret": "aa26ef1074b6ceb7d3b015d3a7cd2d44c7354b09",
        "is_verified": false,
        "line_number": 1444
      },
      {
        "type": "Hex High Entropy String",
        "filename": "generated/perception/perception-sdk-manifest.json",
        "hashed_secret": "2379c392f4030f520ce589fb23c1feb35b3ccb89",
        "is_verified": false,
        "line_number": 1449
      },
      {
        "type": "Hex High Entropy String",
        "filename": "generated/perception/perception-sdk-manifest.json",
        "hashed_secret": "6749473eb2be77da0763216c693efb282228edfc",
        "is_verified": false,
        "line_number": 1454
      },
      {
        "type": "Hex High Entropy String",
        "filename": "generated/perception/perception-sdk-manifest.json",
        "hashed_secret": "289fa568f25e18f4445877fae4a7c7990fe36530",
        "is_verified": false,
        "line_number": 1459
      },
      {
        "type": "Hex High Entropy String",
        "filename": "generated/perception/perception-sdk-manifest.json",
        "hashed_secret": "05eff256d6ecd1a349cfc165963ffb2932e5b254",
        "is_verified": false,
        "line_number": 1464
      },
      {
        "type": "Hex High Entropy String",
        "filename": "generated/perception/perception-sdk-manifest.json",
        "hashed_secret": "2a61d77288a9469c2786de27e93a126d3c43890c",
        "is_verified": false,
        "line_number": 1469
      },
      {
        "type": "Hex High Entropy String",
        "filename": "generated/perception/perception-sdk-manifest.json",
        "hashed_secret": "394ac1cd78b2e49d52de254f5c1af549c385c370",
        "is_verified": false,
        "line_number": 1474
      },
      {
        "type": "Hex High Entropy String",
        "filename": "generated/perception/perception-sdk-manifest.json",
        "hashed_secret": "36b8e1f75d96bba967291b9ee1711e63de3eddec",
        "is_verified": false,
        "line_number": 1479
      },
      {
        "type": "Hex High Entropy String",
        "filename": "generated/perception/perception-sdk-manifest.json",
        "hashed_secret": "39249cc5176df901cc67c7cb243a3899593a2d47",
        "is_verified": false,
        "line_number": 1484
      },
      {
        "type": "Hex High Entropy String",
        "filename": "generated/perception/perception-sdk-manifest.json",
        "hashed_secret": "37d8c8f539864da849a86125586390a08b2e9072",
        "is_verified": false,
        "line_number": 1489
      },
      {
        "type": "Hex High Entropy String",
        "filename": "generated/perception/perception-sdk-manifest.json",
        "hashed_secret": "139496e59882f29045b38b52d44365cffd0972c5",
        "is_verified": false,
        "line_number": 1494
      },
      {
        "type": "Hex High Entropy String",
        "filename": "generated/perception/perception-sdk-manifest.json",
        "hashed_secret": "f5e30607cb840922ab45c9b389b7f28ca61c76ba",
        "is_verified": false,
        "line_number": 1499
      },
      {
        "type": "Hex High Entropy String",
        "filename": "generated/perception/perception-sdk-manifest.json",
        "hashed_secret": "754fc171b4e027b38bd0eb14d0e77c9ed8352f38",
        "is_verified": false,
        "line_number": 1504
      },
      {
        "type": "Hex High Entropy String",
        "filename": "generated/perception/perception-sdk-manifest.json",
        "hashed_secret": "f19c63432b7c0f6c235ab47b17215b6d642624fe",
        "is_verified": false,
        "line_number": 1509
      },
      {
        "type": "Hex High Entropy String",
        "filename": "generated/perception/perception-sdk-manifest.json",
        "hashed_secret": "ab5d329e719a08e0efe36e178dc6a6c13a4b1171",
        "is_verified": false,
        "line_number": 1514
      },
      {
        "type": "Hex High Entropy String",
        "filename": "generated/perception/perception-sdk-manifest.json",
        "hashed_secret": "10ef92ac7a2a77ce561f27230b9a86abba0adcb0",
        "is_verified": false,
        "line_number": 1519
      },
      {
        "type": "Hex High Entropy String",
        "filename": "generated/perception/perception-sdk-manifest.json",
        "hashed_secret": "bc9643fc3b88d52ff7a39783be66b3bd81bb46ac",
        "is_verified": false,
        "line_number": 1524
      },
      {
        "type": "Hex High Entropy String",
        "filename": "generated/perception/perception-sdk-manifest.json",
        "hashed_secret": "d047a416219f08a5c06425def5d5d3fec20d0515",
        "is_verified": false,
        "line_number": 1529
      },
      {
        "type": "Hex High Entropy String",
        "filename": "generated/perception/perception-sdk-manifest.json",
        "hashed_secret": "d0aa83241244cd2d13b782f26616253190da3f7c",
        "is_verified": false,
        "line_number": 1534
      },
      {
        "type": "Hex High Entropy String",
        "filename": "generated/perception/perception-sdk-manifest.json",
        "hashed_secret": "84a5201d5d62f99bc54fe745297fdc76eab18fd8",
        "is_verified": false,
        "line_number": 1539
      },
      {
        "type": "Hex High Entropy String",
        "filename": "generated/perception/perception-sdk-manifest.json",
        "hashed_secret": "5c478198d34c352de148b0047cbdaefa8043d549",
        "is_verified": false,
        "line_number": 1544
      },
      {
        "type": "Hex High Entropy String",
        "filename": "generated/perception/perception-sdk-manifest.json",
        "hashed_secret": "f0cdfd2c2fafb41a7a61ce8b0d1eb89f7d44cb50",
        "is_verified": false,
        "line_number": 1549
      },
      {
        "type": "Hex High Entropy String",
        "filename": "generated/perception/perception-sdk-manifest.json",
        "hashed_secret": "f1a86efad74b42ff762ad39a4ed6a83c5c549e37",
        "is_verified": false,
        "line_number": 1554
      },
      {
        "type": "Hex High Entropy String",
        "filename": "generated/perception/perception-sdk-manifest.json",
        "hashed_secret": "9ffe6cf888d67d63043ab96dd77515694cbc96c9",
        "is_verified": false,
        "line_number": 1559
      },
      {
        "type": "Hex High Entropy String",
        "filename": "generated/perception/perception-sdk-manifest.json",
        "hashed_secret": "c04a3638363517eba3001b58480a87c913723943",
        "is_verified": false,
        "line_number": 1564
      },
      {
        "type": "Hex High Entropy String",
        "filename": "generated/perception/perception-sdk-manifest.json",
        "hashed_secret": "dea5e9e1a0b0a9dcca48d3266953700858953edc",
        "is_verified": false,
        "line_number": 1569
      },
      {
        "type": "Hex High Entropy String",
        "filename": "generated/perception/perception-sdk-manifest.json",
        "hashed_secret": "8699f8734d747ab6bd28b87a71af3860f5a75978",
        "is_verified": false,
        "line_number": 1574
      },
      {
        "type": "Hex High Entropy String",
        "filename": "generated/perception/perception-sdk-manifest.json",
        "hashed_secret": "c24696d080538d23f91150522553aeca728fdd13",
        "is_verified": false,
        "line_number": 1579
      },
      {
        "type": "Hex High Entropy String",
        "filename": "generated/perception/perception-sdk-manifest.json",
        "hashed_secret": "5db1de8d9e7662749b576e86cfc76b144bd04a77",
        "is_verified": false,
        "line_number": 1584
      },
      {
        "type": "Hex High Entropy String",
        "filename": "generated/perception/perception-sdk-manifest.json",
        "hashed_secret": "715cca07a4f867c1031f035eea0cee99da546700",
        "is_verified": false,
        "line_number": 1589
      }
    ],
    "generated/perception/python/src/perception/__init__.py": [
      {
        "type": "Hex High Entropy String",
        "filename": "generated/perception/python/src/perception/__init__.py",
        "hashed_secret": "e773f787082aa23f5d3b960f12e29416512af537",
        "is_verified": false,
        "line_number": 17
      }
    ],
    "generated/perception/python/src/perception/sdk.py": [
      {
        "type": "Hex High Entropy String",
        "filename": "generated/perception/python/src/perception/sdk.py",
        "hashed_secret": "e773f787082aa23f5d3b960f12e29416512af537",
        "is_verified": false,
        "line_number": 24
      }
    ],
    "generated/perception/ts/dist/perception/envelope.d.ts": [
      {
        "type": "Hex High Entropy String",
        "filename": "generated/perception/ts/dist/perception/envelope.d.ts",
        "hashed_secret": "e773f787082aa23f5d3b960f12e29416512af537",
        "is_verified": false,
        "line_number": 12
      }
    ],
    "generated/perception/ts/dist/perception/envelope.js": [
      {
        "type": "Hex High Entropy String",
        "filename": "generated/perception/ts/dist/perception/envelope.js",
        "hashed_secret": "e773f787082aa23f5d3b960f12e29416512af537",
        "is_verified": false,
        "line_number": 22
      }
    ],
    "generated/perception/ts/dist/perception/index.d.ts": [
      {
        "type": "Hex High Entropy String",
        "filename": "generated/perception/ts/dist/perception/index.d.ts",
        "hashed_secret": "e773f787082aa23f5d3b960f12e29416512af537",
        "is_verified": false,
        "line_number": 6
      }
    ],
    "generated/perception/ts/dist/perception/index.js": [
      {
        "type": "Hex High Entropy String",
        "filename": "generated/perception/ts/dist/perception/index.js",
        "hashed_secret": "e773f787082aa23f5d3b960f12e29416512af537",
        "is_verified": false,
        "line_number": 6
      }
    ],
    "generated/perception/ts/src/perception/envelope.ts": [
      {
        "type": "Hex High Entropy String",
        "filename": "generated/perception/ts/src/perception/envelope.ts",
        "hashed_secret": "e773f787082aa23f5d3b960f12e29416512af537",
        "is_verified": false,
        "line_number": 27
      }
    ],
    "generated/perception/ts/src/perception/index.ts": [
      {
        "type": "Hex High Entropy String",
        "filename": "generated/perception/ts/src/perception/index.ts",
        "hashed_secret": "e773f787082aa23f5d3b960f12e29416512af537",
        "is_verified": false,
        "line_number": 7
      }
    ],
    "scripts/private/install-onnxruntime.sh": [
      {
        "type": "Hex High Entropy String",
        "filename": "scripts/private/install-onnxruntime.sh",
        "hashed_secret": "35a03fefbbbd34898ce52359fefa9ce78043f75b",
        "is_verified": false,
        "line_number": 20
      },
      {
        "type": "Hex High Entropy String",
        "filename": "scripts/private/install-onnxruntime.sh",
        "hashed_secret": "5ad600044829a3d1f0c245094b3f501928f2742a",
        "is_verified": false,
        "line_number": 24
      }
    ],
    "tools/perception/sdk.json": [
      {
        "type": "Hex High Entropy String",
        "filename": "tools/perception/sdk.json",
        "hashed_secret": "004b6c4196cd4d67b6169b6d6401b6fd02b6a719",
        "is_verified": false,
        "line_number": 5
      },
      {
        "type": "Hex High Entropy String",
        "filename": "tools/perception/sdk.json",
        "hashed_secret": "b542dc45bbc803f96501b087d6f44fee076838c3",
        "is_verified": false,
        "line_number": 10
      },
      {
        "type": "Hex High Entropy String",
        "filename": "tools/perception/sdk.json",
        "hashed_secret": "0d678f0ee60df35dfe9ea92e05341b905b0bbeb3",
        "is_verified": false,
        "line_number": 29
      },
      {
        "type": "Hex High Entropy String",
        "filename": "tools/perception/sdk.json",
        "hashed_secret": "ad1d02bbd1d8e8514ecbc7fecee4e01f0973c430",
        "is_verified": false,
        "line_number": 36
      },
      {
        "type": "Hex High Entropy String",
        "filename": "tools/perception/sdk.json",
        "hashed_secret": "bf1ae313f03f95677a57819aaac9542462a95acb",
        "is_verified": false,
        "line_number": 43
      },
      {
        "type": "Hex High Entropy String",
        "filename": "tools/perception/sdk.json",
        "hashed_secret": "599c1b9d5f85b201a863a850a6d1e24ed4afa695",
        "is_verified": false,
        "line_number": 53
      },
      {
        "type": "Hex High Entropy String",
        "filename": "tools/perception/sdk.json",
        "hashed_secret": "333177bdfc6de73d03b33afe6cb5ddcd900998eb",
        "is_verified": false,
        "line_number": 61
      }
    ]
  },
  "generated_at": "2026-08-24T20:10:30Z"
}
