{
  "version": "1.5.0",
  "plugins_used": [
    {
      "name": "ArtifactoryDetector"
    },
    {
      "name": "AWSKeyDetector"
    },
    {
      "name": "AzureStorageKeyDetector"
    },
    {
      "name": "Base64HighEntropyString",
      "limit": 4.5
    },
    {
      "name": "BasicAuthDetector"
    },
    {
      "name": "CloudantDetector"
    },
    {
      "name": "DiscordBotTokenDetector"
    },
    {
      "name": "GitHubTokenDetector"
    },
    {
      "name": "GitLabTokenDetector"
    },
    {
      "name": "HexHighEntropyString",
      "limit": 3.0
    },
    {
      "name": "IbmCloudIamDetector"
    },
    {
      "name": "IbmCosHmacDetector"
    },
    {
      "name": "IPPublicDetector"
    },
    {
      "name": "JwtTokenDetector"
    },
    {
      "name": "KeywordDetector",
      "keyword_exclude": ""
    },
    {
      "name": "MailchimpDetector"
    },
    {
      "name": "NpmDetector"
    },
    {
      "name": "OpenAIDetector"
    },
    {
      "name": "PrivateKeyDetector"
    },
    {
      "name": "PypiTokenDetector"
    },
    {
      "name": "SendGridDetector"
    },
    {
      "name": "SlackDetector"
    },
    {
      "name": "SoftlayerDetector"
    },
    {
      "name": "SquareOAuthDetector"
    },
    {
      "name": "StripeDetector"
    },
    {
      "name": "TelegramBotTokenDetector"
    },
    {
      "name": "TwilioKeyDetector"
    }
  ],
  "filters_used": [
    {
      "path": "detect_secrets.filters.allowlist.is_line_allowlisted"
    },
    {
      "path": "detect_secrets.filters.common.is_baseline_file",
      "filename": ".secrets.baseline"
    },
    {
      "path": "detect_secrets.filters.common.is_ignored_due_to_verification_policies",
      "min_level": 2
    },
    {
      "path": "detect_secrets.filters.heuristic.is_indirect_reference"
    },
    {
      "path": "detect_secrets.filters.heuristic.is_likely_id_string"
    },
    {
      "path": "detect_secrets.filters.heuristic.is_lock_file"
    },
    {
      "path": "detect_secrets.filters.heuristic.is_not_alphanumeric_string"
    },
    {
      "path": "detect_secrets.filters.heuristic.is_potential_uuid"
    },
    {
      "path": "detect_secrets.filters.heuristic.is_prefixed_with_dollar_sign"
    },
    {
      "path": "detect_secrets.filters.heuristic.is_sequential_string"
    },
    {
      "path": "detect_secrets.filters.heuristic.is_swagger_file"
    },
    {
      "path": "detect_secrets.filters.heuristic.is_templated_secret"
    }
  ],
  "results": {
    "development/subprojects/cpp-httplib.wrap": [
      {
        "type": "Hex High Entropy String",
        "filename": "development/subprojects/cpp-httplib.wrap",
        "hashed_secret": "772a396a7109d930170c1fce96775c853b2f8b1b",
        "is_verified": false,
        "line_number": 5
      }
    ],
    "development/subprojects/fmt.wrap": [
      {
        "type": "Hex High Entropy String",
        "filename": "development/subprojects/fmt.wrap",
        "hashed_secret": "3fa928cce11f432d6e22cac38c57ac2fcd31ab2e",
        "is_verified": false,
        "line_number": 5
      },
      {
        "type": "Hex High Entropy String",
        "filename": "development/subprojects/fmt.wrap",
        "hashed_secret": "8d09241f9312b6e75daaae1e5385ee9cd74a538d",
        "is_verified": false,
        "line_number": 9
      }
    ],
    "development/subprojects/gtest.wrap": [
      {
        "type": "Hex High Entropy String",
        "filename": "development/subprojects/gtest.wrap",
        "hashed_secret": "4f9fba7ca3b745b1d2907a6fe8b6f66be19ec5ab",
        "is_verified": false,
        "line_number": 5
      },
      {
        "type": "Hex High Entropy String",
        "filename": "development/subprojects/gtest.wrap",
        "hashed_secret": "2ea63621a56609c87a091459f77cd5dab743d22c",
        "is_verified": false,
        "line_number": 8
      }
    ],
    "development/subprojects/magic_enum.wrap": [
      {
        "type": "Hex High Entropy String",
        "filename": "development/subprojects/magic_enum.wrap",
        "hashed_secret": "c15ef6334a1f0febbbf78deeebd26e1c727a44a4",
        "is_verified": false,
        "line_number": 5
      }
    ],
    "development/subprojects/nlohmann_json.wrap": [
      {
        "type": "Hex High Entropy String",
        "filename": "development/subprojects/nlohmann_json.wrap",
        "hashed_secret": "8b1864d8ce8096e32a6741865c8043bb6d934b9f",
        "is_verified": false,
        "line_number": 6
      }
    ],
    "development/subprojects/tl-expected.wrap": [
      {
        "type": "Hex High Entropy String",
        "filename": "development/subprojects/tl-expected.wrap",
        "hashed_secret": "62a0968492d7fd77361e60bc763b7850226adc86",
        "is_verified": false,
        "line_number": 5
      },
      {
        "type": "Hex High Entropy String",
        "filename": "development/subprojects/tl-expected.wrap",
        "hashed_secret": "9bfdc9f242c7fa2515f971b3c46b3562f230413e",
        "is_verified": false,
        "line_number": 9
      }
    ],
    "development/subprojects/websocketpp.wrap": [
      {
        "type": "Hex High Entropy String",
        "filename": "development/subprojects/websocketpp.wrap",
        "hashed_secret": "3f4c3122e82aa3a7ef02f5c5d51ac205e82aa062",
        "is_verified": false,
        "line_number": 5
      },
      {
        "type": "Hex High Entropy String",
        "filename": "development/subprojects/websocketpp.wrap",
        "hashed_secret": "bf6b67a9ea10e3207cceb6364cefe1cd5d442f14",
        "is_verified": false,
        "line_number": 8
      }
    ]
  },
  "generated_at": "2026-02-25T17:06:56Z"
}
