{
  "version": "1.5.0",
  "plugins_used": [
    {
      "name": "ArtifactoryDetector"
    },
    {
      "name": "AWSKeyDetector"
    },
    {
      "name": "AzureStorageKeyDetector"
    },
    {
      "name": "Base64HighEntropyString",
      "limit": 4.5
    },
    {
      "name": "BasicAuthDetector"
    },
    {
      "name": "CloudantDetector"
    },
    {
      "name": "DiscordBotTokenDetector"
    },
    {
      "name": "GitHubTokenDetector"
    },
    {
      "name": "GitLabTokenDetector"
    },
    {
      "name": "HexHighEntropyString",
      "limit": 3.0
    },
    {
      "name": "IbmCloudIamDetector"
    },
    {
      "name": "IbmCosHmacDetector"
    },
    {
      "name": "IPPublicDetector"
    },
    {
      "name": "JwtTokenDetector"
    },
    {
      "name": "KeywordDetector",
      "keyword_exclude": ""
    },
    {
      "name": "MailchimpDetector"
    },
    {
      "name": "NpmDetector"
    },
    {
      "name": "OpenAIDetector"
    },
    {
      "name": "PrivateKeyDetector"
    },
    {
      "name": "PypiTokenDetector"
    },
    {
      "name": "SendGridDetector"
    },
    {
      "name": "SlackDetector"
    },
    {
      "name": "SoftlayerDetector"
    },
    {
      "name": "SquareOAuthDetector"
    },
    {
      "name": "StripeDetector"
    },
    {
      "name": "TelegramBotTokenDetector"
    },
    {
      "name": "TwilioKeyDetector"
    }
  ],
  "filters_used": [
    {
      "path": "detect_secrets.filters.allowlist.is_line_allowlisted"
    },
    {
      "path": "detect_secrets.filters.common.is_baseline_file",
      "filename": ".secrets.baseline"
    },
    {
      "path": "detect_secrets.filters.common.is_ignored_due_to_verification_policies",
      "min_level": 2
    },
    {
      "path": "detect_secrets.filters.heuristic.is_indirect_reference"
    },
    {
      "path": "detect_secrets.filters.heuristic.is_likely_id_string"
    },
    {
      "path": "detect_secrets.filters.heuristic.is_lock_file"
    },
    {
      "path": "detect_secrets.filters.heuristic.is_not_alphanumeric_string"
    },
    {
      "path": "detect_secrets.filters.heuristic.is_potential_uuid"
    },
    {
      "path": "detect_secrets.filters.heuristic.is_prefixed_with_dollar_sign"
    },
    {
      "path": "detect_secrets.filters.heuristic.is_sequential_string"
    },
    {
      "path": "detect_secrets.filters.heuristic.is_swagger_file"
    },
    {
      "path": "detect_secrets.filters.heuristic.is_templated_secret"
    },
    {
      "path": "detect_secrets.filters.regex.should_exclude_file",
      "pattern": [
        "^generated/open_perception_kit/open-perception-kit-manifest\\.json$"
      ]
    },
    {
      "path": "detect_secrets.filters.regex.should_exclude_line",
      "pattern": [
        "\"revision\"\\s*:\\s*\"[0-9a-f]{40}\""
      ]
    }
  ],
  "results": {
    ".github/workflows/release.yml": [
      {
        "type": "Hex High Entropy String",
        "filename": ".github/workflows/release.yml",
        "hashed_secret": "f937a4a9cc6b00da3305b1152856eae60f5a6b6a",
        "is_verified": false,
        "line_number": 78
      },
      {
        "type": "Hex High Entropy String",
        "filename": ".github/workflows/release.yml",
        "hashed_secret": "5e290743863bbfbb769eb60167d1f204f3044679",
        "is_verified": false,
        "line_number": 84
      }
    ],
    "config/models/mobilegaze-mobilenet-v2-executorch/model.json": [
      {
        "type": "Hex High Entropy String",
        "filename": "config/models/mobilegaze-mobilenet-v2-executorch/model.json",
        "hashed_secret": "88d6f1767f57b5db39b07c74609b5efadc245b97",
        "is_verified": false,
        "line_number": 9
      }
    ],
    "config/models/mobilegaze-mobilenet-v2/model.json": [
      {
        "type": "Hex High Entropy String",
        "filename": "config/models/mobilegaze-mobilenet-v2/model.json",
        "hashed_secret": "1399e66118b71125a7ce2030c84c372a650a2b28",
        "is_verified": false,
        "line_number": 9
      }
    ],
    "config/models/nitec-resnet-18-executorch/model.json": [
      {
        "type": "Hex High Entropy String",
        "filename": "config/models/nitec-resnet-18-executorch/model.json",
        "hashed_secret": "ab8e37df11bef1cb632f2176cab480db60799a6e",
        "is_verified": false,
        "line_number": 9
      }
    ],
    "config/models/nitec-resnet-18/model.json": [
      {
        "type": "Hex High Entropy String",
        "filename": "config/models/nitec-resnet-18/model.json",
        "hashed_secret": "3f3b5e4063d5b2ea1e5c62136f8b5c6a00a090ef",
        "is_verified": false,
        "line_number": 9
      }
    ],
    "config/models/osnet-x0-25/model.json": [
      {
        "type": "Hex High Entropy String",
        "filename": "config/models/osnet-x0-25/model.json",
        "hashed_secret": "a0af89de2dc9d6714512fbb410b9a392254f3f87",
        "is_verified": false,
        "line_number": 9
      }
    ],
    "config/models/ultraface-rfb-320/model.json": [
      {
        "type": "Hex High Entropy String",
        "filename": "config/models/ultraface-rfb-320/model.json",
        "hashed_secret": "96f308291d76ff05d7b28156b15ff5fec700c719",
        "is_verified": false,
        "line_number": 9
      }
    ],
    "config/models/yolo26n-320/model.json": [
      {
        "type": "Hex High Entropy String",
        "filename": "config/models/yolo26n-320/model.json",
        "hashed_secret": "65c0bd69acbd51846d327515a4d1340e3bda4d53",
        "is_verified": false,
        "line_number": 9
      }
    ],
    "config/models/yolo26n-480/model.json": [
      {
        "type": "Hex High Entropy String",
        "filename": "config/models/yolo26n-480/model.json",
        "hashed_secret": "4921620b91b5ac7e17f9cf9689af0ba99022fe1b",
        "is_verified": false,
        "line_number": 9
      }
    ],
    "config/models/yolo26n-640/model.json": [
      {
        "type": "Hex High Entropy String",
        "filename": "config/models/yolo26n-640/model.json",
        "hashed_secret": "86c9f12d40d2633eeac390e36fcbcbc93314af48",
        "is_verified": false,
        "line_number": 9
      }
    ],
    "config/models/yolo26s-320/model.json": [
      {
        "type": "Hex High Entropy String",
        "filename": "config/models/yolo26s-320/model.json",
        "hashed_secret": "4c7cebdeea650d176ae93e694fd8f76266571bc1",
        "is_verified": false,
        "line_number": 9
      }
    ],
    "config/models/yolo26s-480/model.json": [
      {
        "type": "Hex High Entropy String",
        "filename": "config/models/yolo26s-480/model.json",
        "hashed_secret": "4b95f2b3dcb59327312630dee9c632f41376dbfd",
        "is_verified": false,
        "line_number": 9
      }
    ],
    "config/models/yolo26s-640/model.json": [
      {
        "type": "Hex High Entropy String",
        "filename": "config/models/yolo26s-640/model.json",
        "hashed_secret": "fdaee1e8b39db8bfb84ac28ec76da6aadb44ca0c",
        "is_verified": false,
        "line_number": 9
      }
    ],
    "development/examples/byom-blazeface/model.json": [
      {
        "type": "Hex High Entropy String",
        "filename": "development/examples/byom-blazeface/model.json",
        "hashed_secret": "c2841d9bb98a0c129e6b951597f63537da8809e3",
        "is_verified": false,
        "line_number": 9
      }
    ],
    "development/ops-python/runtime.json": [
      {
        "type": "Hex High Entropy String",
        "filename": "development/ops-python/runtime.json",
        "hashed_secret": "7226cbe54304ed95d0af09457acbf069fcb8e1d8",
        "is_verified": false,
        "line_number": 10
      },
      {
        "type": "Hex High Entropy String",
        "filename": "development/ops-python/runtime.json",
        "hashed_secret": "eb27d73477fd9f9f584f87bc92bddd07c54dfc9e",
        "is_verified": false,
        "line_number": 15
      }
    ],
    "development/subprojects/cpp-httplib.wrap": [
      {
        "type": "Hex High Entropy String",
        "filename": "development/subprojects/cpp-httplib.wrap",
        "hashed_secret": "d5077028c32b641604c875b6dc0e1861de906ad6",
        "is_verified": false,
        "line_number": 5
      }
    ],
    "development/subprojects/fmt.wrap": [
      {
        "type": "Hex High Entropy String",
        "filename": "development/subprojects/fmt.wrap",
        "hashed_secret": "3fa928cce11f432d6e22cac38c57ac2fcd31ab2e",
        "is_verified": false,
        "line_number": 5
      },
      {
        "type": "Hex High Entropy String",
        "filename": "development/subprojects/fmt.wrap",
        "hashed_secret": "8d09241f9312b6e75daaae1e5385ee9cd74a538d",
        "is_verified": false,
        "line_number": 9
      }
    ],
    "development/subprojects/gtest.wrap": [
      {
        "type": "Hex High Entropy String",
        "filename": "development/subprojects/gtest.wrap",
        "hashed_secret": "4f9fba7ca3b745b1d2907a6fe8b6f66be19ec5ab",
        "is_verified": false,
        "line_number": 5
      },
      {
        "type": "Hex High Entropy String",
        "filename": "development/subprojects/gtest.wrap",
        "hashed_secret": "2ea63621a56609c87a091459f77cd5dab743d22c",
        "is_verified": false,
        "line_number": 8
      }
    ],
    "development/subprojects/jsoncons.wrap": [
      {
        "type": "Hex High Entropy String",
        "filename": "development/subprojects/jsoncons.wrap",
        "hashed_secret": "b669f48acd8d71722c659c429f2080fb14120a0e",
        "is_verified": false,
        "line_number": 5
      }
    ],
    "development/subprojects/magic_enum.wrap": [
      {
        "type": "Hex High Entropy String",
        "filename": "development/subprojects/magic_enum.wrap",
        "hashed_secret": "c15ef6334a1f0febbbf78deeebd26e1c727a44a4",
        "is_verified": false,
        "line_number": 5
      }
    ],
    "development/subprojects/nlohmann_json.wrap": [
      {
        "type": "Hex High Entropy String",
        "filename": "development/subprojects/nlohmann_json.wrap",
        "hashed_secret": "8b1864d8ce8096e32a6741865c8043bb6d934b9f",
        "is_verified": false,
        "line_number": 6
      }
    ],
    "development/subprojects/stb.wrap": [
      {
        "type": "Hex High Entropy String",
        "filename": "development/subprojects/stb.wrap",
        "hashed_secret": "6831b516f42a4c843fcaf81c6f0ca9e294f42f31",
        "is_verified": false,
        "line_number": 5
      }
    ],
    "development/subprojects/tl-expected.wrap": [
      {
        "type": "Hex High Entropy String",
        "filename": "development/subprojects/tl-expected.wrap",
        "hashed_secret": "62a0968492d7fd77361e60bc763b7850226adc86",
        "is_verified": false,
        "line_number": 5
      },
      {
        "type": "Hex High Entropy String",
        "filename": "development/subprojects/tl-expected.wrap",
        "hashed_secret": "9bfdc9f242c7fa2515f971b3c46b3562f230413e",
        "is_verified": false,
        "line_number": 9
      }
    ],
    "development/subprojects/websocketpp.wrap": [
      {
        "type": "Hex High Entropy String",
        "filename": "development/subprojects/websocketpp.wrap",
        "hashed_secret": "3f4c3122e82aa3a7ef02f5c5d51ac205e82aa062",
        "is_verified": false,
        "line_number": 5
      },
      {
        "type": "Hex High Entropy String",
        "filename": "development/subprojects/websocketpp.wrap",
        "hashed_secret": "bf6b67a9ea10e3207cceb6364cefe1cd5d442f14",
        "is_verified": false,
        "line_number": 8
      }
    ],
    "development/tests/model_artifact_build_test.py": [
      {
        "type": "Hex High Entropy String",
        "filename": "development/tests/model_artifact_build_test.py",
        "hashed_secret": "0bdfc46ce47eb09f86622aa75a3a53408e3b150c",
        "is_verified": false,
        "line_number": 629
      }
    ],
    "development/web/content/opk-web.js": [
      {
        "type": "Hex High Entropy String",
        "filename": "development/web/content/opk-web.js",
        "hashed_secret": "8620efc6a8a0728ead2658123c80feefe3ff6c65",
        "is_verified": false,
        "line_number": 5588
      }
    ],
    "generated/open_perception_kit/cpp/open_perception_kit.h": [
      {
        "type": "Hex High Entropy String",
        "filename": "generated/open_perception_kit/cpp/open_perception_kit.h",
        "hashed_secret": "8620efc6a8a0728ead2658123c80feefe3ff6c65",
        "is_verified": false,
        "line_number": 55
      }
    ],
    "generated/open_perception_kit/python/src/open_perception_kit/__init__.py": [
      {
        "type": "Hex High Entropy String",
        "filename": "generated/open_perception_kit/python/src/open_perception_kit/__init__.py",
        "hashed_secret": "8620efc6a8a0728ead2658123c80feefe3ff6c65",
        "is_verified": false,
        "line_number": 28
      }
    ],
    "generated/open_perception_kit/python/src/open_perception_kit/sdk.py": [
      {
        "type": "Hex High Entropy String",
        "filename": "generated/open_perception_kit/python/src/open_perception_kit/sdk.py",
        "hashed_secret": "8620efc6a8a0728ead2658123c80feefe3ff6c65",
        "is_verified": false,
        "line_number": 35
      }
    ],
    "generated/open_perception_kit/rust/tests/opk_packet.rs": [
      {
        "type": "Hex High Entropy String",
        "filename": "generated/open_perception_kit/rust/tests/opk_packet.rs",
        "hashed_secret": "e773f787082aa23f5d3b960f12e29416512af537",
        "is_verified": false,
        "line_number": 29
      }
    ],
    "generated/open_perception_kit/ts/dist/open_perception_kit/envelope.d.ts": [
      {
        "type": "Hex High Entropy String",
        "filename": "generated/open_perception_kit/ts/dist/open_perception_kit/envelope.d.ts",
        "hashed_secret": "8620efc6a8a0728ead2658123c80feefe3ff6c65",
        "is_verified": false,
        "line_number": 27
      }
    ],
    "generated/open_perception_kit/ts/dist/open_perception_kit/envelope.js": [
      {
        "type": "Hex High Entropy String",
        "filename": "generated/open_perception_kit/ts/dist/open_perception_kit/envelope.js",
        "hashed_secret": "8620efc6a8a0728ead2658123c80feefe3ff6c65",
        "is_verified": false,
        "line_number": 37
      }
    ],
    "generated/open_perception_kit/ts/dist/open_perception_kit/index.d.ts": [
      {
        "type": "Hex High Entropy String",
        "filename": "generated/open_perception_kit/ts/dist/open_perception_kit/index.d.ts",
        "hashed_secret": "8620efc6a8a0728ead2658123c80feefe3ff6c65",
        "is_verified": false,
        "line_number": 21
      }
    ],
    "generated/open_perception_kit/ts/dist/open_perception_kit/index.js": [
      {
        "type": "Hex High Entropy String",
        "filename": "generated/open_perception_kit/ts/dist/open_perception_kit/index.js",
        "hashed_secret": "8620efc6a8a0728ead2658123c80feefe3ff6c65",
        "is_verified": false,
        "line_number": 21
      }
    ],
    "generated/open_perception_kit/ts/src/open_perception_kit/envelope.ts": [
      {
        "type": "Hex High Entropy String",
        "filename": "generated/open_perception_kit/ts/src/open_perception_kit/envelope.ts",
        "hashed_secret": "8620efc6a8a0728ead2658123c80feefe3ff6c65",
        "is_verified": false,
        "line_number": 42
      }
    ],
    "generated/open_perception_kit/ts/src/open_perception_kit/index.ts": [
      {
        "type": "Hex High Entropy String",
        "filename": "generated/open_perception_kit/ts/src/open_perception_kit/index.ts",
        "hashed_secret": "8620efc6a8a0728ead2658123c80feefe3ff6c65",
        "is_verified": false,
        "line_number": 22
      }
    ],
    "requirements/build.json": [
      {
        "type": "Hex High Entropy String",
        "filename": "requirements/build.json",
        "hashed_secret": "35a03fefbbbd34898ce52359fefa9ce78043f75b",
        "is_verified": false,
        "line_number": 6
      },
      {
        "type": "Hex High Entropy String",
        "filename": "requirements/build.json",
        "hashed_secret": "5ad600044829a3d1f0c245094b3f501928f2742a",
        "is_verified": false,
        "line_number": 7
      },
      {
        "type": "Hex High Entropy String",
        "filename": "requirements/build.json",
        "hashed_secret": "70770e343e0195a55bc82d24bc89fded7d86ffac",
        "is_verified": false,
        "line_number": 9
      }
    ],
    "tools/perception/generate.py": [
      {
        "type": "Hex High Entropy String",
        "filename": "tools/perception/generate.py",
        "hashed_secret": "e773f787082aa23f5d3b960f12e29416512af537",
        "is_verified": false,
        "line_number": 97
      }
    ],
    "tools/perception/sdk.json": [
      {
        "type": "Hex High Entropy String",
        "filename": "tools/perception/sdk.json",
        "hashed_secret": "004b6c4196cd4d67b6169b6d6401b6fd02b6a719",
        "is_verified": false,
        "line_number": 5
      },
      {
        "type": "Hex High Entropy String",
        "filename": "tools/perception/sdk.json",
        "hashed_secret": "71492275f0cd44c5da476df2345b39436d28bd11",
        "is_verified": false,
        "line_number": 12
      },
      {
        "type": "Hex High Entropy String",
        "filename": "tools/perception/sdk.json",
        "hashed_secret": "6919e6358fe6d37797a0e62b4c8ec53ddf5856c5",
        "is_verified": false,
        "line_number": 19
      },
      {
        "type": "Hex High Entropy String",
        "filename": "tools/perception/sdk.json",
        "hashed_secret": "79e46f5987b56a6779e74ade8923b0c181238b7b",
        "is_verified": false,
        "line_number": 26
      },
      {
        "type": "Hex High Entropy String",
        "filename": "tools/perception/sdk.json",
        "hashed_secret": "c31b36387ebfa0f8a469e1771b4d047518a1fb56",
        "is_verified": false,
        "line_number": 33
      },
      {
        "type": "Hex High Entropy String",
        "filename": "tools/perception/sdk.json",
        "hashed_secret": "b542dc45bbc803f96501b087d6f44fee076838c3",
        "is_verified": false,
        "line_number": 40
      },
      {
        "type": "Hex High Entropy String",
        "filename": "tools/perception/sdk.json",
        "hashed_secret": "0d678f0ee60df35dfe9ea92e05341b905b0bbeb3",
        "is_verified": false,
        "line_number": 60
      },
      {
        "type": "Hex High Entropy String",
        "filename": "tools/perception/sdk.json",
        "hashed_secret": "ad1d02bbd1d8e8514ecbc7fecee4e01f0973c430",
        "is_verified": false,
        "line_number": 67
      },
      {
        "type": "Hex High Entropy String",
        "filename": "tools/perception/sdk.json",
        "hashed_secret": "bf1ae313f03f95677a57819aaac9542462a95acb",
        "is_verified": false,
        "line_number": 74
      },
      {
        "type": "Hex High Entropy String",
        "filename": "tools/perception/sdk.json",
        "hashed_secret": "599c1b9d5f85b201a863a850a6d1e24ed4afa695",
        "is_verified": false,
        "line_number": 84
      },
      {
        "type": "Hex High Entropy String",
        "filename": "tools/perception/sdk.json",
        "hashed_secret": "333177bdfc6de73d03b33afe6cb5ddcd900998eb",
        "is_verified": false,
        "line_number": 92
      }
    ]
  },
  "generated_at": "2026-09-28T12:36:33Z"
}
